# ps -ax -eo user,pid,pcpu:5,pmem:5,rss:8=R-MEM,vsz:10=V-MEM,tty:6=TTY,stat:5,bsdstart:7,bsdtime:7,args | (read h; echo "$h"; sort -nr -k 4) | head -10 | less -SEX
USER         PID  %CPU  %MEM    R-MEM      V-MEM TTY    STAT    START    TIME COMMAND
coder    2720647   3.1   1.7   553016   34967768 ?      Sl      14:35    0:30 /opt/google/chrome/chrome
coder      65102   0.8   0.9   318584    4304532 ?      Ssl     09:35    2:44 /usr/bin/plasmashell --no-respawn HOME=/home/coderLANG=en_US.UTF-8 LOGNAME=coderPATH=/home/coder/bin:/usr/local/sbin:/usr/local/bin:/usr/sbin:/usr/bin:/sbin:/bin:/usr/games:/usr/local/games:/snap/bin SHELL=/bin/bash USER=coderXDG_RUNTIME_DIR=/run/user/1001 QT_ACCESSIBILITY=1 QTWEBENGINE_DICTIONARIES_PATH=/usr/share/hunspell-bdic/ XDG_DATA_DIRS=/usr/share/plasma:/usr/local/share:/usr/share:/var/lib/snapd/desktop DBUS_SESSION_BUS_ADDRESS=unix:path=/run/user/1001/bus DEBUGINFOD_URLS=https://debuginfod.ubuntu.com  DESKTOP_SESSION=plasma DISPLAY=:0 GPG_AGENT_INFO=/run/user/1001/gnupg/S.gpg-agent:0:1 GSM_SKIP_SSH_AGENT_WORKAROUND=true GTK2_RC_FILES=/etc/gtk-2.0/gtkrc:/home/coder/.gtkrc-2.0:/home/coder/.config/gtkrc-2.0 GTK_RC_FILES=/etc/gtk/gtkrc:/home/coder/.gtkrc:/home/coder/.config/gtkrc IM_CONFIG_PHASE=1 KDE_APPLICATIONS_AS_SCOPE=1 KDE_FULL_SESSION=true KDE_SESSION_UID=1001 KDE_SESSION_VERSION=5 PAM_KWALLET5_LOGIN=/run/user/1001/kwallet5.socket PIPEWIRE_QUANTUM=1024/48000 PWD=/home/coderQT_AUTO_SCREEN_SCALE_FACTOR=0 SESSION_MANAGER=local/super-tuna:@/tmp/.ICE-unix/61435,unix/super-tuna:/tmp/.ICE-unix/61435 SHLVL=0 SSH_AGENT_PID=54560 SSH_AUTH_SOCK=/tmp/ssh-NyRhqljd538u/agent.52240 XAUTHORITY=/tmp/xauth_gSnGae XCURSOR_SIZE=24 XCURSOR_THEME=Breeze_Snow XDG_CONFIG_DIRS=/home/coder/.config/kdedefaults:/etc/xdg/xdg-plasma:/etc/xdg XDG_CURRENT_DESKTOP=KDE XDG_SEAT=seat0 XDG_SEAT_PATH=/org/freedesktop/DisplayManager/Seat0 XDG_SESSION_CLASS=user XDG_SESSION_DESKTOP=KDE XDG_SESSION_ID=3 XDG_SESSION_PATH=/org/freedesktop/DisplayManager/Session1 XDG_SESSION_TYPE=x11 XDG_VTNR=2 _=/usr/bin/dbus-update-activation-environment MANAGERPID=50017 INVOCATION_ID=b10bc656933f49c19c04c12b79da20e4 JOURNAL_STREAM=8:132139 SYSTEMD_EXEC_PID=65102 MEMORY_PRESSURE_WATCH=/sys/fs/cgroup/user.slice/user-1001.slice/user@1001.service/session.slice/plasma-plasmashell.service/memory.pressure MEMORY_PRESSURE_WRITE=c29tZSAyMDAwMDAgMjAwMDAwMAA=
coder      61510   0.0   0.8   287684    2426376 ?      Ssl     09:35    0:10 /usr/bin/kded5 HOME=/home/coderLANG=en_US.UTF-8 LOGNAME=coderPATH=/home/coder/bin:/usr/local/sbin:/usr/local/bin:/usr/sbin:/usr/bin:/sbin:/bin:/usr/games:/usr/local/games:/snap/bin SHELL=/bin/bash USER=coderXDG_RUNTIME_DIR=/run/user/1001 QT_ACCESSIBILITY=1 QTWEBENGINE_DICTIONARIES_PATH=/usr/share/hunspell-bdic/ XDG_DATA_DIRS=/usr/share/plasma:/usr/local/share:/usr/share:/var/lib/snapd/desktop DBUS_SESSION_BUS_ADDRESS=unix:path=/run/user/1001/bus DEBUGINFOD_URLS=https://debuginfod.ubuntu.com  DESKTOP_SESSION=plasma DISPLAY=:0 GPG_AGENT_INFO=/run/user/1001/gnupg/S.gpg-agent:0:1 GSM_SKIP_SSH_AGENT_WORKAROUND=true GTK2_RC_FILES=/etc/gtk-2.0/gtkrc:/home/coder/.gtkrc-2.0:/home/coder/.config/gtkrc-2.0 GTK_RC_FILES=/etc/gtk/gtkrc:/home/coder/.gtkrc:/home/coder/.config/gtkrc IM_CONFIG_PHASE=1 KDE_APPLICATIONS_AS_SCOPE=1 KDE_FULL_SESSION=true KDE_SESSION_UID=1001 KDE_SESSION_VERSION=5 PAM_KWALLET5_LOGIN=/run/user/1001/kwallet5.socket PIPEWIRE_QUANTUM=1024/48000 PWD=/home/coderQT_AUTO_SCREEN_SCALE_FACTOR=0 SHLVL=0 SSH_AGENT_PID=54560 SSH_AUTH_SOCK=/tmp/ssh-NyRhqljd538u/agent.52240 XAUTHORITY=/tmp/xauth_gSnGae XCURSOR_SIZE=24 XCURSOR_THEME=Breeze_Snow XDG_CONFIG_DIRS=/home/coder/.config/kdedefaults:/etc/xdg/xdg-plasma:/etc/xdg XDG_CURRENT_DESKTOP=KDE XDG_SEAT=seat0 XDG_SEAT_PATH=/org/freedesktop/DisplayManager/Seat0 XDG_SESSION_CLASS=user XDG_SESSION_DESKTOP=KDE XDG_SESSION_ID=3 XDG_SESSION_PATH=/org/freedesktop/DisplayManager/Session1 XDG_SESSION_TYPE=x11 XDG_VTNR=2 _=/usr/bin/dbus-update-activation-environment MANAGERPID=50017 INVOCATION_ID=1525b196968a40d7ab415d135813813a JOURNAL_STREAM=8:115490 SYSTEMD_EXEC_PID=61510 MEMORY_PRESSURE_WATCH=/sys/fs/cgroup/user.slice/user-1001.slice/user@1001.service/session.slice/plasma-kded.service/memory.pressure MEMORY_PRESSURE_WRITE=c29tZSAyMDAwMDAgMjAwMDAwMAA=
coder    2776872   1.0   0.6   202848 1212476124 ?      Sl      14:35    0:10 /opt/google/chrome/chrome --type=renderer --string-annotations --crashpad-handler-pid=2720876 --enable-crash-reporter=1620A820-65AB-D031-3CC8-EBCA0C9FA7DD, --change-stack-guard-on-fork=enable --disable-databases --lang=en-US --num-raster-threads=4 --enable-main-frame-before-activation --renderer-client-id=10 --time-ticks-at-unix-epoch=-1731746109405426 --launch-time-ticks=18020386549 --shared-files=v8_context_snapshot_data:100 --field-trial-handle=3,i,446658462092496629,6378727244218858274,262144 --variations-seed-version=20241115-130113.202000 e --disable-databases --lang=en-US --num-raster-threads=4 --enable-main-frame-before-activation --renderer-client-id=10 --time-ticks-at-unix-epoch=-1731746109405426 --launch-time-ticks=18020386549 --shared-files=v8_context_snapshot_data:100 --field-trial-handle=3,i,446658462092496629,6378727244218858274,262144 --variations-seed-version=20241115-130113.202000
coder    4141073   1.2   0.5   180220 1212471840 ?      Sl      14:40    0:08 /opt/google/chrome/chrome --type=renderer --string-annotations --crashpad-handler-pid=2720876 --enable-crash-reporter=1620A820-65AB-D031-3CC8-EBCA0C9FA7DD, --change-stack-guard-on-fork=enable --disable-databases --lang=en-US --num-raster-threads=4 --enable-main-frame-before-activation --renderer-client-id=24 --time-ticks-at-unix-epoch=-1731746109405426 --launch-time-ticks=18299551809 --shared-files=v8_context_snapshot_data:100 --field-trial-handle=3,i,446658462092496629,6378727244218858274,262144 --variations-seed-version=20241115-130113.202000 e --disable-databases --lang=en-US --num-raster-threads=4 --enable-main-frame-before-activation --renderer-client-id=24 --time-ticks-at-unix-epoch=-1731746109405426 --launch-time-ticks=18299551809 --shared-files=v8_context_snapshot_data:100 --field-trial-handle=3,i,446658462092496629,6378727244218858274,262144 --variations-seed-version=20241115-130113.202000
coder    4133639   0.2   0.5   172400 1212475844 ?      Sl      14:40    0:01 /opt/google/chrome/chrome --type=renderer --string-annotations --crashpad-handler-pid=2720876 --enable-crash-reporter=1620A820-65AB-D031-3CC8-EBCA0C9FA7DD, --change-stack-guard-on-fork=enable --disable-databases --lang=en-US --num-raster-threads=4 --enable-main-frame-before-activation --renderer-client-id=21 --time-ticks-at-unix-epoch=-1731746109405426 --launch-time-ticks=18297918630 --shared-files=v8_context_snapshot_data:100 --field-trial-handle=3,i,446658462092496629,6378727244218858274,262144 --variations-seed-version=20241115-130113.202000 e --disable-databases --lang=en-US --num-raster-threads=4 --enable-main-frame-before-activation --renderer-client-id=21 --time-ticks-at-unix-epoch=-1731746109405426 --launch-time-ticks=18297918630 --shared-files=v8_context_snapshot_data:100 --field-trial-handle=3,i,446658462092496629,6378727244218858274,262144 --variations-seed-version=20241115-130113.202000
coder    2965593   0.2   0.5   170972 1212455064 ?      Sl      14:36    0:01 /opt/google/chrome/chrome --type=renderer --string-annotations --crashpad-handler-pid=2720876 --enable-crash-reporter=1620A820-65AB-D031-3CC8-EBCA0C9FA7DD, --change-stack-guard-on-fork=enable --disable-databases --lang=en-US --num-raster-threads=4 --enable-main-frame-before-activation --renderer-client-id=17 --time-ticks-at-unix-epoch=-1731746109405426 --launch-time-ticks=18058222789 --shared-files=v8_context_snapshot_data:100 --field-trial-handle=3,i,446658462092496629,6378727244218858274,262144 --variations-seed-version=20241115-130113.202000 e --disable-databases --lang=en-US --num-raster-threads=4 --enable-main-frame-before-activation --renderer-client-id=17 --time-ticks-at-unix-epoch=-1731746109405426 --launch-time-ticks=18058222789 --shared-files=v8_context_snapshot_data:100 --field-trial-handle=3,i,446658462092496629,6378727244218858274,262144 --variations-seed-version=20241115-130113.202000
coder    2733879   0.9   0.5   187912 1212477704 ?      Sl      14:35    0:08 /opt/google/chrome/chrome --type=renderer --string-annotations --crashpad-handler-pid=2720876 --enable-crash-reporter=1620A820-65AB-D031-3CC8-EBCA0C9FA7DD, --change-stack-guard-on-fork=enable --disable-databases --lang=en-US --num-raster-threads=4 --enable-main-frame-before-activation --renderer-client-id=8 --time-ticks-at-unix-epoch=-1731746109405426 --launch-time-ticks=18011796446 --shared-files=v8_context_snapshot_data:100 --field-trial-handle=3,i,446658462092496629,6378727244218858274,262144 --variations-seed-version=20241115-130113.202000 e --disable-databases --lang=en-US --num-raster-threads=4 --enable-main-frame-before-activation --renderer-client-id=8 --time-ticks-at-unix-epoch=-1731746109405426 --launch-time-ticks=18011796446 --shared-files=v8_context_snapshot_data:100 --field-trial-handle=3,i,446658462092496629,6378727244218858274,262144 --variations-seed-version=20241115-130113.202000
coder    2722945   3.8   0.5   189124   34800104 ?      Sl      14:35    0:36 /opt/google/chrome/chrome --type=gpu-process --string-annotations --crashpad-handler-pid=2720876 --enable-crash-reporter=1620A820-65AB-D031-3CC8-EBCA0C9FA7DD, --change-stack-guard-on-fork=enable --gpu-preferences=UAAAAAAAAAAgAAAEAAAAAAAAAAAAAAAAAABgAAEAAAAAAAAAAAAAAAAAAAAAAAAAAAAAAAAAAAAAAAAAAQAAABAAAAAAAAAAEAAAAAAAAAAIAAAAAAAAAAgAAAAAAAAA --shared-files --field-trial-handle=3,i,446658462092496629,6378727244218858274,262144 --variations-seed-version=20241115-130113.202000 es=UAAAAAAAAAAgAAAEAAAAAAAAAAAAAAAAAABgAAEAAAAAAAAAAAAAAAAAAAAAAAAAAAAAAAAAAAAAAAAAAQAAABAAAAAAAAAAEAAAAAAAAAAIAAAAAAAAAAgAAAAAAAAA --shared-files --field-trial-handle=3,i,446658462092496629,6378727244218858274,262144 --variations-seed-version=20241115-130113.202000

# free -h
               total       usado       libre  compartido   búf/caché  disponible
Mem:            30Gi        17Gi        10Gi       1,2Gi       4,1Gi        13Gi
Inter:         8,0Gi          0B       8,0Gi

# cat /proc/meminfo
MemTotal:       32404648 kB
MemFree:        11141944 kB
MemAvailable:   13758428 kB
Buffers:          140004 kB
Cached:          3980260 kB
SwapCached:            0 kB
Active:          3014736 kB
Inactive:        1545288 kB
Active(anon):    1653532 kB
Inactive(anon):        0 kB
Active(file):    1361204 kB
Inactive(file):  1545288 kB
Unevictable:      925572 kB
Mlocked:             208 kB
SwapTotal:       8388604 kB
SwapFree:        8388604 kB
Zswap:                 0 kB
Zswapped:              0 kB
Dirty:               424 kB
Writeback:             0 kB
AnonPages:       1365556 kB
Mapped:           989372 kB
Shmem:           1213772 kB
KReclaimable:     158960 kB
Slab:           15532048 kB
SReclaimable:     158960 kB
SUnreclaim:     15373088 kB
KernelStack:       16392 kB
PageTables:        39132 kB
SecPageTables:         0 kB
NFS_Unstable:          0 kB
Bounce:                0 kB
WritebackTmp:          0 kB
CommitLimit:    24590928 kB
Committed_AS:   12459724 kB
VmallocTotal:   34359738367 kB
VmallocUsed:       56680 kB
VmallocChunk:          0 kB
Percpu:            17600 kB
HardwareCorrupted:     0 kB
AnonHugePages:         0 kB
ShmemHugePages:   876544 kB
ShmemPmdMapped:        0 kB
FileHugePages:         0 kB
FilePmdMapped:         0 kB
Unaccepted:            0 kB
HugePages_Total:       0
HugePages_Free:        0
HugePages_Rsvd:        0
HugePages_Surp:        0
Hugepagesize:       2048 kB
Hugetlb:               0 kB
DirectMap4k:      287276 kB
DirectMap2M:     4493312 kB
DirectMap1G:    29360128 kB

# slabtop -o
 Objetos Activos/Totales (% usados) : 3424282 / 3461230 (98,9%)
 Activo / Total Slabs (% usado)     : 507294 / 507294 (100,0%)
 Activo / Total cachés (% usado)   : 341 / 386 (88,3%)
 Activo / Tamaño Total(% usado)    : 15543458,94K / 15549019,20K (100,0%)
 Objeto Mínimo/Medio /Máximo      : 0,01K / 4,49K / 10,25K

  OBJS ACTIVE USE OBJ SIZE SLABS OBJ/SLAB CACHE SIZE NAME                     
1901280 1901280 100%    8,00K 475320        4  15210240K kmalloc-rnd-07-8k      
170310 170106  99%    0,19K   4055       42     32440K dentry                 
162825 162299  99%    0,10K   4175       39     16700K buffer_head            
104805 104124  99%    0,05K   1233       85      4932K shared_policy_node     
 73612  73550  99%    0,14K   2629       28     10516K kernfs_node_cache      
 68334  64847  94%    0,19K   1627       42     13016K cred_jar               
 67932  64294  94%    0,04K    666      102      2664K vma_lock               
 49470  49292  99%    0,04K    485      102      1940K extent_status          
 45376  45376 100%    0,06K    709       64      2836K dmaengine-unmap-2      
 43821  43804  99%    1,16K   1623       27     51936K ext4_inode_cache       
 36344  22175  61%    0,07K    649       56      2596K vmap_area              
 35200  32696  92%    0,06K    550       64      2200K anon_vma_chain         
 33404  33300  99%    0,57K   1193       28     19088K radix_tree_node        
 23550  23418  99%    0,62K    942       25     15072K inode_cache            
 20085  19081  95%    0,10K    515       39      2060K anon_vma               
 16640  16456  98%    0,02K     65      256       260K kmalloc-rnd-13-16      
 16330  15994  97%    0,70K    355       46     11360K proc_inode_cache       
 14720  13856  94%    0,03K    115      128       460K lsm_file_cache         
 13152  12856  97%    0,25K    411       32      3288K filp                   
 12768  12547  98%    0,50K    399       32      6384K kmalloc-rnd-02-512     
 11264  11264 100%    0,01K     22      512        88K kmalloc-rnd-13-8       
 11104   9707  87%    0,25K    347       32      2776K maple_node             
  8704   8704 100%    0,01K     17      512        68K kmalloc-rnd-12-8       
  8541   8541 100%    0,05K    117       73       468K ftrace_event_field     
  8192   8192 100%    0,01K     16      512        64K kmalloc-cg-8           
  8192   8192 100%    0,01K     16      512        64K kmalloc-rnd-15-8       
  8192   8192 100%    0,01K     16      512        64K kmalloc-rnd-14-8       
  8192   8192 100%    0,01K     16      512        64K kmalloc-rnd-10-8       
  8192   8192 100%    0,01K     16      512        64K kmalloc-rnd-08-8       
  8192   8192 100%    0,01K     16      512        64K kmalloc-rnd-06-8       
  8192   8192 100%    0,01K     16      512        64K kmalloc-rnd-05-8       
  8192   8192 100%    0,01K     16      512        64K kmalloc-rnd-04-8       
  8192   8192 100%    0,01K     16      512        64K kmalloc-rnd-03-8       
  8192   8192 100%    0,01K     16      512        64K kmalloc-rnd-02-8       
  8192   8192 100%    0,01K     16      512        64K kmalloc-rnd-01-8       
  8192   8192 100%    0,01K     16      512        64K kmalloc-8              
  7680   7680 100%    0,01K     15      512        60K kmalloc-rnd-09-8       
  7680   7680 100%    0,01K     15      512        60K kmalloc-rnd-07-8       
  7680   7320  95%    0,02K     30      256       120K kmalloc-rnd-01-16      
  7168   7109  99%    0,03K     56      128       224K kmalloc-rnd-13-32      
  6656   6297  94%    0,02K     26      256       104K kmalloc-cg-16          
  6560   6406  97%    0,77K    160       41      5120K shmem_inode_cache      
  6400   6400 100%    0,03K     50      128       200K kmalloc-rnd-10-32      
  5888   5469  92%    0,02K     23      256        92K kmalloc-rnd-14-16      
  5568   5508  98%    0,25K    174       32      1392K kmalloc-rnd-02-256     
  5120   5120 100%    0,50K    160       32      2560K kmalloc-rnd-15-512     
  5120   4998  97%    0,06K     80       64       320K kmalloc-rnd-09-64      
  5056   4849  95%    0,06K     79       64       316K kmalloc-rcl-64         
  4992   4992 100%    0,03K     39      128       156K kmalloc-rnd-04-32      
  4608   4608 100%    0,01K      9      512        36K kmalloc-rnd-11-8       
  4608   4486  97%    0,50K    144       32      2304K kmalloc-rnd-09-512     
  4608   4608 100%    0,02K     18      256        72K kmalloc-rnd-08-16      
  4608   4608 100%    0,02K     18      256        72K kmalloc-16             
  4288   4187  97%    0,06K     67       64       268K kmalloc-rnd-12-64      
  4158   3105  74%    0,09K     99       42       396K kmalloc-rnd-02-96      
  4096   4096 100%    0,02K     16      256        64K ep_head                
  4096   4096 100%    0,02K     16      256        64K kmalloc-rnd-15-16      
  4096   4096 100%    0,02K     16      256        64K kmalloc-rnd-12-16      
  4096   4096 100%    0,02K     16      256        64K kmalloc-rnd-09-16      
  4096   4096 100%    0,02K     16      256        64K kmalloc-rnd-07-16      
  4096   4096 100%    0,02K     16      256        64K kmalloc-rnd-06-16      
  4096   4096 100%    0,02K     16      256        64K kmalloc-rnd-05-16      
  4096   4096 100%    0,02K     16      256        64K kmalloc-rnd-04-16      
  4096   4096 100%    0,02K     16      256        64K kmalloc-rnd-03-16      
  4096   4096 100%    0,02K     16      256        64K kmalloc-rnd-02-16      
  3968   3595  90%    0,06K     62       64       248K kmalloc-rnd-06-64      
  3840   3681  95%    0,06K     60       64       240K kmalloc-rnd-11-64      
  3780   3780 100%    0,09K     90       42       360K kmalloc-rnd-12-96      
  3738   3565  95%    0,38K     89       42      1424K mnt_cache              
  3723   3723 100%    0,08K     73       51       292K Acpi-State             
  3666   3666 100%    0,10K     94       39       376K Acpi-ParseExt          
  3648   3618  99%    1,00K    114       32      3648K kmalloc-rnd-14-1k      
  3500   3362  96%    0,31K    140       25      1120K xfrm_dst_cache         
  3456   3456 100%    0,03K     27      128       108K kmalloc-rnd-03-32      
  3392   3239  95%    0,12K    106       32       424K backing_aio            
  3392   3390  99%    0,06K     53       64       212K kmalloc-rnd-15-64      
  3328   2920  87%    0,12K    104       32       416K pid                    
  3328   3328 100%    0,02K     13      256        52K kmalloc-rnd-11-16      
  3285   2993  91%    0,05K     45       73       180K mbcache                
  3270   3270 100%    1,06K    109       30      3488K btrfs_inode            
  3234   3215  99%    0,09K     77       42       308K kmalloc-rnd-11-96      
  3234   3234 100%    0,09K     77       42       308K kmalloc-rnd-07-96      
  3072   3072 100%    0,02K     12      256        48K kmalloc-rnd-10-16      
  3036   3036 100%    0,69K     66       46      2112K squashfs_inode_cache   
  2944   2944 100%    0,03K     23      128        92K kmalloc-rnd-02-32      
  2940   2940 100%    0,09K     70       42       280K kmalloc-rcl-96         
  2890   2890 100%    0,23K     85       34       680K apparmor_auditcache    
  2816   2816 100%    0,03K     22      128        88K kmalloc-rnd-12-32      
  2752   2432  88%    0,06K     43       64       172K ext4_io_end            
  2730   2730 100%    0,09K     65       42       260K trace_event_file       
  2720   2720 100%    0,02K     16      170        64K fsnotify_mark_connector
  2688   2688 100%    0,03K     21      128        84K kmalloc-rnd-08-32      
  2688   2688 100%    0,03K     21      128        84K kmalloc-rnd-06-32      
  2688   2688 100%    0,06K     42       64       168K kmalloc-rnd-03-64      
  2560   2560 100%    0,03K     20      128        80K kmalloc-rnd-05-32      
  2464   1919  77%    1,12K     88       28      2816K drm_i915_gem_object    
  2464   2464 100%    0,12K     77       32       308K kmalloc-rcl-128        
  2304   2304 100%    0,03K     18      128        72K kmalloc-rnd-11-32      
  2304   2304 100%    0,06K     36       64       144K kmalloc-64             
  2184   2184 100%    0,15K     84       26       336K fuse_request           
  2176   2176 100%    0,03K     17      128        68K pending_reservation    
  2176   2176 100%    0,03K     17      128        68K kmalloc-cg-32          
  2176   2176 100%    0,03K     17      128        68K kmalloc-rnd-01-32      
  2144   2144 100%    0,12K     67       32       268K kmalloc-rnd-11-128     
  2112   2112 100%    0,06K     33       64       132K kmalloc-rnd-05-64      
  2048   2048 100%    0,03K     16      128        64K kmalloc-rnd-15-32      
  2048   2048 100%    0,03K     16      128        64K kmalloc-rnd-14-32      
  2048   2048 100%    0,03K     16      128        64K kmalloc-rnd-09-32      
  2016   2016 100%    0,50K     63       32      1008K kmalloc-rnd-12-512     
  1974   1974 100%    0,19K     47       42       376K kmalloc-rnd-09-192     
  1974   1974 100%    0,19K     47       42       376K kmalloc-rnd-08-192     
  1952   1952 100%    1,00K     61       32      1952K kmalloc-rnd-09-1k      
  1920   1920 100%    0,03K     15      128        60K kmalloc-32             
  1764   1764 100%    0,19K     42       42       336K proc_dir_entry         
  1760   1760 100%    0,25K     55       32       440K bio-200                
  1760   1760 100%    0,50K     55       32       880K pool_workqueue         
  1728   1728 100%    0,06K     27       64       108K kmalloc-rnd-02-64      
  1716   1670  97%    0,81K     44       39      1408K sock_inode_cache       
  1696   1696 100%    0,25K     53       32       424K skbuff_head_cache      
  1664   1607  96%    0,50K     52       32       832K kmalloc-cg-512         
  1664   1664 100%    0,03K     13      128        52K kmalloc-rnd-07-32      
  1632   1467  89%    0,12K     48       34       192K jbd2_journal_head      
  1575   1517  96%    0,62K     63       25      1008K task_group             
  1536   1536 100%    0,06K     24       64        96K kmalloc-rnd-14-64      
  1425   1300  91%    0,62K     57       25       912K skbuff_small_head      
  1408   1408 100%    0,06K     22       64        88K kmalloc-cg-64          
  1344   1344 100%    0,06K     21       64        84K kmalloc-rnd-04-64      
  1302   1302 100%    0,19K     31       42       248K kmalloc-rnd-11-192     
  1280   1280 100%    0,06K     20       64        80K kmalloc-rnd-10-64      
  1260   1260 100%    0,19K     30       42       240K bio-136                
  1260   1138  90%    1,12K     45       28      1440K signal_cache           
  1218   1218 100%    0,19K     29       42       232K kmalloc-192            
  1173   1173 100%    0,08K     23       51        92K sigqueue               
  1161   1161 100%   10,25K    387        3     12384K task_struct            
  1152   1064  92%    1,00K     36       32      1152K kmalloc-cg-1k          
  1152   1152 100%    0,06K     18       64        72K kmalloc-rnd-07-64      
  1152   1152 100%    1,00K     36       32      1152K kmalloc-rnd-02-1k      
  1120   1120 100%    1,00K     35       32      1120K kmalloc-rnd-05-1k      
  1092   1092 100%    0,38K     26       42       416K bio-376                
  1088   1053  96%    1,00K     34       32      1088K PING                   
  1088   1088 100%    0,06K     17       64        68K kmalloc-rnd-13-64      
  1088   1088 100%    0,06K     17       64        68K kmalloc-rnd-08-64      
  1088   1088 100%    0,06K     17       64        68K kmalloc-rnd-01-64      
  1040   1005  96%    2,00K     65       16      2080K kmalloc-rnd-09-2k      
  1024   1024 100%    0,25K     32       32       256K kmalloc-rnd-07-256     
  1024   1024 100%    1,00K     32       32      1024K kmalloc-rnd-03-1k      
  1005    954  94%    2,06K     67       15      2144K sighand_cache          
   992    992 100%    0,25K     31       32       248K kmalloc-rnd-10-256     
   924    924 100%    0,09K     22       42        88K kmalloc-cg-96          
   924    924 100%    0,19K     22       42       176K kmalloc-rnd-10-192     
   924    924 100%    0,19K     22       42       176K kmalloc-rnd-06-192     
   924    924 100%    0,09K     22       42        88K kmalloc-rnd-01-96      
   896    896 100%    0,07K     16       56        64K nsproxy                
   896    896 100%    0,06K     14       64        56K kmem_cache_node        
   864    864 100%    0,12K     27       32       108K kmalloc-rnd-09-128     
   848    848 100%    2,00K     53       16      1696K kmalloc-cg-2k          
   840    840 100%    0,19K     20       42       160K kmalloc-cg-192         
   840    840 100%    0,09K     20       42        80K kmalloc-rnd-10-96      
   832    832 100%    0,25K     26       32       208K kmalloc-rnd-08-256     
   816    816 100%    4,00K    102        8      3264K kmalloc-rnd-15-4k      
   800    800 100%    0,50K     25       32       400K kmalloc-rnd-13-512     
   800    800 100%    0,12K     25       32       100K kmalloc-rnd-02-128     
   798    798 100%    0,09K     19       42        76K kmalloc-rnd-15-96      
   798    798 100%    0,19K     19       42       152K kmalloc-rnd-03-192     
   792    792 100%    0,11K     22       36        88K btrfs_path             
   782    782 100%    0,69K     17       46       544K files_cache            
   768    768 100%    1,00K     24       32       768K kmalloc-rnd-08-1k      
   756    756 100%    0,19K     18       42       144K kmalloc-rnd-15-192     
   736    736 100%    0,69K     16       46       512K i915_request           
   736    736 100%    1,00K     23       32       736K kmalloc-rnd-07-1k      
   736    736 100%    0,50K     23       32       368K kmalloc-rnd-04-512     
   714    714 100%    0,75K     17       42       544K xfrm_state             
   714    714 100%    0,19K     17       42       136K skbuff_ext_cache       
   714    714 100%    0,19K     17       42       136K kmalloc-rnd-12-192     
   714    714 100%    0,09K     17       42        68K kmalloc-rnd-09-96      
   714    714 100%    0,19K     17       42       136K kmalloc-rnd-04-192     
   714    714 100%    0,09K     17       42        68K kmalloc-rnd-04-96      
   714    714 100%    0,19K     17       42       136K kmalloc-rnd-01-192     
   704    704 100%    0,25K     22       32       176K kmalloc-rnd-01-256     
   672    672 100%    0,19K     16       42       128K kmalloc-rnd-14-192     
   672    672 100%    0,09K     16       42        64K kmalloc-rnd-14-96      
   672    672 100%    0,09K     16       42        64K kmalloc-rnd-13-96      
   672    672 100%    0,25K     21       32       168K kmalloc-rnd-12-256     
   672    672 100%    1,00K     21       32       672K kmalloc-rnd-10-1k      
   672    672 100%    0,09K     16       42        64K kmalloc-rnd-08-96      
   672    672 100%    0,09K     16       42        64K kmalloc-rnd-06-96      
   672    672 100%    0,50K     21       32       336K kmalloc-rnd-05-512     
   672    672 100%    0,19K     16       42       128K kmalloc-rnd-05-192     
   672    672 100%    0,09K     16       42        64K kmalloc-rnd-05-96      
   672    672 100%    0,09K     16       42        64K kmalloc-rnd-03-96      
   672    672 100%    0,19K     16       42       128K kmalloc-rnd-02-192     
   672    672 100%    0,09K     16       42        64K kmalloc-96             
   656    656 100%    2,00K     41       16      1312K kmalloc-rnd-14-2k      
   624    624 100%    0,41K     16       39       256K btrfs_ordered_extent   
   608    608 100%    1,00K     19       32       608K kmalloc-rnd-15-1k      
   608    608 100%    0,25K     19       32       152K kmalloc-rnd-06-256     
   608    608 100%    0,12K     19       32        76K kmalloc-rnd-06-128     
   608    608 100%    0,12K     19       32        76K kmalloc-rnd-01-128     
   608    608 100%    0,12K     19       32        76K kmalloc-128            
   608    608 100%    0,25K     19       32       152K kmem_cache             
   595    595 100%    0,05K      7       85        28K ip_fib_trie            
   592    592 100%    0,21K     16       37       128K file_lock_cache        
   592    592 100%    0,42K     16       37       256K taskstats              
   592    592 100%    2,00K     37       16      1184K kmalloc-rnd-04-2k      
   588    588 100%    0,19K     14       42       112K kmalloc-rnd-07-192     
   584    584 100%    0,05K      8       73        32K ip_fib_alias           
   576    576 100%    0,11K     16       36        64K ext4_prealloc_space    
   576    576 100%    0,12K     18       32        72K kmalloc-cg-128         
   576    576 100%    1,00K     18       32       576K kmalloc-rnd-13-1k      
   576    576 100%    0,12K     18       32        72K kmalloc-rnd-07-128     
   576    576 100%    1,00K     18       32       576K kmalloc-rnd-06-1k      
   576    576 100%    0,50K     18       32       288K kmalloc-rnd-06-512     
   576    576 100%    0,25K     18       32       144K kmalloc-rnd-05-256     
   576    576 100%    0,12K     18       32        72K kmalloc-rnd-05-128     
   576    576 100%    1,00K     18       32       576K kmalloc-rnd-04-1k      
   576    576 100%    0,50K     18       32       288K kmalloc-512            
   560    560 100%    2,00K     35       16      1120K kmalloc-rnd-05-2k      
   552    552 100%    1,38K     24       23       768K mm_struct              
   544    544 100%    0,12K     16       34        64K seq_file               
   544    544 100%    0,25K     17       32       136K kmalloc-rnd-14-256     
   544    544 100%    0,12K     17       32        68K kmalloc-rnd-14-128     
   544    544 100%    1,00K     17       32       544K kmalloc-rnd-12-1k      
   544    544 100%    0,12K     17       32        68K kmalloc-rnd-12-128     
   544    544 100%    1,00K     17       32       544K kmalloc-rnd-11-1k      
   544    544 100%    0,25K     17       32       136K kmalloc-rnd-11-256     
   544    544 100%    0,50K     17       32       272K kmalloc-rnd-10-512     
   544    544 100%    0,12K     17       32        68K kmalloc-rnd-10-128     
   544    544 100%    0,12K     17       32        68K kmalloc-rnd-08-128     
   544    544 100%    0,12K     17       32        68K kmalloc-rnd-03-128     
   544    544 100%    0,50K     17       32       272K kmalloc-rnd-01-512     
   512    512 100%    0,12K     16       32        64K i915_dependency        
   512    512 100%    0,25K     16       32       128K posix_timers_cache     
   512    512 100%    0,25K     16       32       128K dquot                  
   512    512 100%    1,00K     16       32       512K biovec-64              
   512    512 100%    0,12K     16       32        64K iint_cache             
   512    512 100%    0,25K     16       32       128K kmalloc-rnd-15-256     
   512    512 100%    0,12K     16       32        64K kmalloc-rnd-15-128     
   512    512 100%    0,12K     16       32        64K kmalloc-rnd-13-128     
   512    512 100%    0,50K     16       32       256K kmalloc-rnd-11-512     
   512    512 100%    0,25K     16       32       128K kmalloc-rnd-09-256     
   512    512 100%    0,50K     16       32       256K kmalloc-rnd-08-512     
   512    512 100%    0,25K     16       32       128K kmalloc-rnd-04-256     
   512    512 100%    0,12K     16       32        64K kmalloc-rnd-04-128     
   512    512 100%    1,00K     16       32       512K kmalloc-1k             
   512    512 100%    0,25K     16       32       128K kmalloc-256            
   504    504 100%    0,19K     12       42        96K kmalloc-rnd-13-192     
   484    484 100%    0,18K     11       44        88K ext4_groupinfo_4k      
   480    480 100%    0,25K     15       32       120K kmalloc-cg-256         
   480    480 100%    0,50K     15       32       240K kmalloc-rnd-07-512     
   480    480 100%    0,25K     15       32       120K kmalloc-rnd-03-256     
   480    480 100%    1,00K     15       32       480K kmalloc-rnd-01-1k      
   464    464 100%    2,00K     29       16       928K kmalloc-rnd-02-2k      
   448    423  94%    2,00K     28       16       896K kmalloc-rnd-11-2k      
   434    434 100%    0,26K     14       31       112K tw_sock_TCP            
   432    384  88%    4,00K     54        8      1728K biovec-max             
   416    416 100%    0,15K     16       26        64K ext4_allocation_context
   416    416 100%    8,00K    104        4      3328K kmalloc-rnd-10-8k      
   416    416 100%    4,00K     52        8      1664K kmalloc-rnd-05-4k      
   400    400 100%    1,23K     16       25       512K perf_event             
   400    400 100%    4,00K     50        8      1600K kmalloc-rnd-12-4k      
   385    385 100%    0,90K     11       35       352K request_queue          
   384    384 100%    0,16K     16       24        64K btrfs_trans_handle     
   384    384 100%    1,31K     16       24       512K UDPv6                  
   384    384 100%    0,50K     12       32       192K kmalloc-rnd-14-512     
   368    368 100%    2,00K     23       16       736K kmalloc-rnd-10-2k      
   364    364 100%    0,30K     14       26       112K request_sock_TCP       
   364    364 100%    0,14K     13       28        52K task_delay_info        
   344    321  93%    4,00K     43        8      1376K kmalloc-rnd-13-4k      
   336    336 100%    0,66K     14       24       224K tracefs_inode_cache    
   336    336 100%    4,00K     42        8      1344K kmalloc-rnd-07-4k      
   333    333 100%    0,42K      9       37       144K uts_namespace          
   328    297  90%    4,00K     41        8      1312K kmalloc-cg-4k          
   320    320 100%    4,00K     40        8      1280K kmalloc-rnd-03-4k      
   312    312 100%    4,00K     39        8      1248K kmalloc-rnd-14-4k      
   306    306 100%    0,04K      3      102        12K khugepaged_mm_slot     
   275    275 100%    0,62K     11       25       176K user_namespace         
   272    272 100%    2,00K     17       16       544K kmalloc-rnd-13-2k      
   272    272 100%    2,00K     17       16       544K kmalloc-rnd-06-2k      
   256    256 100%    0,02K      1      256         4K jbd2_revoke_table_s    
   256    256 100%    2,00K     16       16       512K kmalloc-rnd-15-2k      
   256    256 100%    2,00K     16       16       512K kmalloc-rnd-12-2k      
   256    256 100%    2,00K     16       16       512K kmalloc-rnd-03-2k      
   256    256 100%    0,50K      8       32       128K kmalloc-rnd-03-512     
   240    240 100%    0,20K      6       40        48K ip4-frags              
   240    240 100%    2,00K     15       16       480K kmalloc-rnd-01-2k      
   240    240 100%    2,00K     15       16       480K kmalloc-2k             
   230    230 100%    0,09K      5       46        20K configfs_dir_cache     
   224    224 100%    0,50K      7       32       112K kmalloc-rcl-512        
   224    224 100%    2,00K     14       16       448K kmalloc-rnd-07-2k      
   208    208 100%    2,31K     16       13       512K TCP                    
   190    190 100%    1,62K     10       19       320K bdev_cache             
   184    184 100%    4,00K     23        8       736K kmalloc-rnd-09-4k      
   182    182 100%    1,19K      7       26       224K RAWv6                  
   180    180 100%    0,88K      5       36       160K fuse_inode             
   170    170 100%    0,05K      2       85         8K bio_post_read_ctx      
   160    152  95%    4,00K     20        8       640K names_cache            
   156    156 100%    2,50K     13       12       416K TCPv6                  
   152    152 100%    4,00K     19        8       608K kmalloc-rnd-10-4k      
   136    136 100%    4,00K     17        8       544K kmalloc-rnd-04-4k      
   128    128 100%    0,25K      4       32        32K kmalloc-rnd-13-256     
   128    128 100%    4,00K     16        8       512K kmalloc-rnd-11-4k      
   128    128 100%    4,00K     16        8       512K kmalloc-rnd-08-4k      
   128    128 100%    2,00K      8       16       256K kmalloc-rnd-08-2k      
   128    128 100%    4,00K     16        8       512K kmalloc-rnd-06-4k      
   128    128 100%    4,00K     16        8       512K kmalloc-rnd-02-4k      
   128    128 100%    4,00K     16        8       512K kmalloc-4k             
   126    126 100%    0,19K      3       42        24K kmalloc-rcl-192        
   104    104 100%    4,00K     13        8       416K kmalloc-rnd-01-4k      
    92     92 100%    8,00K     23        4       736K kmalloc-rnd-15-8k      
    82     82 100%    0,77K      2       41        64K fat_inode_cache        
    80     80 100%    8,00K     20        4       640K kmalloc-rnd-04-8k      
    80     80 100%    8,00K     20        4       640K kmalloc-rnd-01-8k      
    78     78 100%    0,81K      2       39        64K QIPCRTR                
    75     75 100%    0,31K      3       25        24K bio-264                
    72     72 100%    8,00K     18        4       576K kmalloc-8k             
    68     68 100%    8,00K     17        4       544K kmalloc-rnd-11-8k      
    64     64 100%    0,12K      2       32         8K scsi_sense_cache       
    64     64 100%    1,00K      2       32        64K RAW                    
    64     64 100%    8,00K     16        4       512K kmalloc-cg-8k          
    56     56 100%    8,00K     14        4       448K kmalloc-rnd-08-8k      
    50     50 100%    0,63K      2       25        32K hugetlbfs_inode_cache  
    39     39 100%    0,81K      1       39        32K dax_cache              
    36     36 100%    0,44K      1       36        16K bio-392                
    34     34 100%    0,94K      1       34        32K mqueue_inode_cache     
    32     32 100%    0,50K      1       32        16K bio-448                
    31     31 100%    0,26K      1       31         8K tw_sock_TCPv6          
    30     30 100%    1,06K      1       30        32K dmaengine-unmap-128    
    30     30 100%    0,27K      1       30         8K numa_policy            
    28     28 100%    4,50K      4        7       128K net_namespace          
    25     25 100%    0,31K      1       25         8K bio-312                
    21     21 100%    1,50K      1       21        32K x86_lbr                
    20     20 100%    8,00K      5        4       160K kmalloc-rnd-13-8k      
    20     20 100%    8,00K      5        4       160K kmalloc-rnd-12-8k      
    20     20 100%    8,00K      5        4       160K kmalloc-rnd-03-8k      
    16     16 100%    2,00K      1       16        32K biovec-128             
    16     16 100%    8,00K      4        4       128K kmalloc-rnd-14-8k      
    16     16 100%    8,00K      4        4       128K kmalloc-rnd-06-8k      
    16     16 100%    8,00K      4        4       128K kmalloc-rnd-02-8k      
    15     15 100%    2,06K      1       15        32K dmaengine-unmap-256    
     8      8 100%    8,00K      2        4        64K kmalloc-rnd-09-8k      
     8      8 100%    8,00K      2        4        64K kmalloc-rnd-05-8k      
     0      0   0%    0,13K      0       30         0K kvm_async_pf           
     0      0   0%    8,94K      0        3         0K kvm_vcpu               
     0      0   0%    0,18K      0       44         0K kvm_mmu_page_header    
     0      0   0%    2,59K      0       12         0K x86_emulator           
     0      0   0%    0,06K      0       64         0K execute_cb             
     0      0   0%    0,27K      0       30         0K fsverity_info          
     0      0   0%    0,13K      0       30         0K fscrypt_inode_info     
     0      0   0%    2,06K      0       15         0K MPTCPv6                
     0      0   0%    0,18K      0       44         0K ip6-frags              
     0      0   0%    1,19K      0       26         0K PINGv6                 
     0      0   0%    0,30K      0       26         0K request_sock_TCPv6     
     0      0   0%    3,16K      0       10         0K kcopyd_job             
     0      0   0%    2,82K      0       11         0K dm_uevent              
     0      0   0%    0,25K      0       32         0K io_kiocb               
     0      0   0%    1,00K      0       32         0K ecryptfs_inode_cache   
     0      0   0%    0,02K      0      256         0K ecryptfs_file_cache    
     0      0   0%    0,81K      0       39         0K ecryptfs_auth_tok_list_item
     0      0   0%    0,04K      0      102         0K fat_cache              
     0      0   0%    0,56K      0       28         0K kioctx                 
     0      0   0%    0,19K      0       42         0K userfaultfd_ctx_cache  
     0      0   0%    0,03K      0      128         0K dnotify_struct         
     0      0   0%    1,94K      0       16         0K MPTCP                  
     0      0   0%    0,38K      0       42         0K request_sock_subflow_v6
     0      0   0%    0,38K      0       42         0K request_sock_subflow_v4
     0      0   0%    8,00K      0        4         0K dma-kmalloc-8k         
     0      0   0%    4,00K      0        8         0K dma-kmalloc-4k         
     0      0   0%    2,00K      0       16         0K dma-kmalloc-2k         
     0      0   0%    1,00K      0       32         0K dma-kmalloc-1k         
     0      0   0%    0,50K      0       32         0K dma-kmalloc-512        
     0      0   0%    0,25K      0       32         0K dma-kmalloc-256        
     0      0   0%    0,19K      0       42         0K dma-kmalloc-192        
     0      0   0%    0,12K      0       32         0K dma-kmalloc-128        
     0      0   0%    0,09K      0       42         0K dma-kmalloc-96         
     0      0   0%    0,06K      0       64         0K dma-kmalloc-64         
     0      0   0%    0,03K      0      128         0K dma-kmalloc-32         
     0      0   0%    0,02K      0      256         0K dma-kmalloc-16         
     0      0   0%    0,01K      0      512         0K dma-kmalloc-8          
     0      0   0%    8,00K      0        4         0K kmalloc-rcl-8k         
     0      0   0%    4,00K      0        8         0K kmalloc-rcl-4k         
     0      0   0%    2,00K      0       16         0K kmalloc-rcl-2k         
     0      0   0%    1,00K      0       32         0K kmalloc-rcl-1k         
     0      0   0%    0,25K      0       32         0K kmalloc-rcl-256        
     0      0   0%    0,03K      0      128         0K kmalloc-rcl-32         
     0      0   0%    0,02K      0      256         0K kmalloc-rcl-16         
     0      0   0%    0,01K      0      512         0K kmalloc-rcl-8          

# cat /proc/meminfo
slabinfo - version: 2.1
# name            <active_objs> <num_objs> <objsize> <objperslab> <pagesperslab> : tunables <limit> <batchcount> <sharedfactor> : slabdata <active_slabs> <num_slabs> <sharedavail>
QIPCRTR               78     78    832   39    8 : tunables    0    0    0 : slabdata      2      2      0
kvm_async_pf           0      0    136   30    1 : tunables    0    0    0 : slabdata      0      0      0
kvm_vcpu               0      0   9152    3    8 : tunables    0    0    0 : slabdata      0      0      0
kvm_mmu_page_header      0      0    184   44    2 : tunables    0    0    0 : slabdata      0      0      0
x86_emulator           0      0   2656   12    8 : tunables    0    0    0 : slabdata      0      0      0
i915_dependency      512    512    128   32    1 : tunables    0    0    0 : slabdata     16     16      0
execute_cb             0      0     64   64    1 : tunables    0    0    0 : slabdata      0      0      0
i915_request         736    736    704   46    8 : tunables    0    0    0 : slabdata     16     16      0
drm_i915_gem_object   1890   2464   1152   28    8 : tunables    0    0    0 : slabdata     88     88      0
ext4_groupinfo_4k    484    484    184   44    2 : tunables    0    0    0 : slabdata     11     11      0
btrfs_ordered_extent    624    624    416   39    4 : tunables    0    0    0 : slabdata     16     16      0
bio-312               25     25    320   25    2 : tunables    0    0    0 : slabdata      1      1      0
bio-376             1092   1092    384   42    4 : tunables    0    0    0 : slabdata     26     26      0
btrfs_path           792    792    112   36    1 : tunables    0    0    0 : slabdata     22     22      0
btrfs_trans_handle    384    384    168   24    1 : tunables    0    0    0 : slabdata     16     16      0
bio-392               36     36    448   36    4 : tunables    0    0    0 : slabdata      1      1      0
btrfs_inode         3270   3270   1088   30    8 : tunables    0    0    0 : slabdata    109    109      0
bio-448               32     32    512   32    4 : tunables    0    0    0 : slabdata      1      1      0
scsi_sense_cache      64     64    128   32    1 : tunables    0    0    0 : slabdata      2      2      0
fsverity_info          0      0    272   30    2 : tunables    0    0    0 : slabdata      0      0      0
fscrypt_inode_info      0      0    136   30    1 : tunables    0    0    0 : slabdata      0      0      0
MPTCPv6                0      0   2112   15    8 : tunables    0    0    0 : slabdata      0      0      0
ip6-frags              0      0    184   44    2 : tunables    0    0    0 : slabdata      0      0      0
PINGv6                 0      0   1216   26    8 : tunables    0    0    0 : slabdata      0      0      0
RAWv6                182    182   1216   26    8 : tunables    0    0    0 : slabdata      7      7      0
UDPv6                384    384   1344   24    8 : tunables    0    0    0 : slabdata     16     16      0
tw_sock_TCPv6         31     31    264   31    2 : tunables    0    0    0 : slabdata      1      1      0
request_sock_TCPv6      0      0    312   26    2 : tunables    0    0    0 : slabdata      0      0      0
TCPv6                156    156   2560   12    8 : tunables    0    0    0 : slabdata     13     13      0
kcopyd_job             0      0   3240   10    8 : tunables    0    0    0 : slabdata      0      0      0
dm_uevent              0      0   2888   11    8 : tunables    0    0    0 : slabdata      0      0      0
bio-136             1260   1260    192   42    2 : tunables    0    0    0 : slabdata     30     30      0
io_kiocb               0      0    256   32    2 : tunables    0    0    0 : slabdata      0      0      0
mqueue_inode_cache     34     34    960   34    8 : tunables    0    0    0 : slabdata      1      1      0
fuse_request        2184   2184    152   26    1 : tunables    0    0    0 : slabdata     84     84      0
fuse_inode           180    180    896   36    8 : tunables    0    0    0 : slabdata      5      5      0
ecryptfs_inode_cache      0      0   1024   32    8 : tunables    0    0    0 : slabdata      0      0      0
ecryptfs_file_cache      0      0     16  256    1 : tunables    0    0    0 : slabdata      0      0      0
ecryptfs_auth_tok_list_item      0      0    832   39    8 : tunables    0    0    0 : slabdata      0      0      0
fat_inode_cache       82     82    792   41    8 : tunables    0    0    0 : slabdata      2      2      0
fat_cache              0      0     40  102    1 : tunables    0    0    0 : slabdata      0      0      0
squashfs_inode_cache   3036   3036    704   46    8 : tunables    0    0    0 : slabdata     66     66      0
jbd2_journal_head   1467   1632    120   34    1 : tunables    0    0    0 : slabdata     48     48      0
jbd2_revoke_table_s    256    256     16  256    1 : tunables    0    0    0 : slabdata      1      1      0
ext4_inode_cache   43804  43821   1184   27    8 : tunables    0    0    0 : slabdata   1623   1623      0
ext4_allocation_context    416    416    152   26    1 : tunables    0    0    0 : slabdata     16     16      0
ext4_prealloc_space    576    576    112   36    1 : tunables    0    0    0 : slabdata     16     16      0
ext4_io_end         2432   2752     64   64    1 : tunables    0    0    0 : slabdata     43     43      0
bio_post_read_ctx    170    170     48   85    1 : tunables    0    0    0 : slabdata      2      2      0
pending_reservation   2176   2176     32  128    1 : tunables    0    0    0 : slabdata     17     17      0
extent_status      49292  49470     40  102    1 : tunables    0    0    0 : slabdata    485    485      0
mbcache             2993   3285     56   73    1 : tunables    0    0    0 : slabdata     45     45      0
kioctx                 0      0    576   28    4 : tunables    0    0    0 : slabdata      0      0      0
userfaultfd_ctx_cache      0      0    192   42    2 : tunables    0    0    0 : slabdata      0      0      0
dnotify_struct         0      0     32  128    1 : tunables    0    0    0 : slabdata      0      0      0
posix_timers_cache    512    512    256   32    2 : tunables    0    0    0 : slabdata     16     16      0
ip4-frags            240    240    200   40    2 : tunables    0    0    0 : slabdata      6      6      0
MPTCP                  0      0   1984   16    8 : tunables    0    0    0 : slabdata      0      0      0
request_sock_subflow_v6      0      0    384   42    4 : tunables    0    0    0 : slabdata      0      0      0
request_sock_subflow_v4      0      0    384   42    4 : tunables    0    0    0 : slabdata      0      0      0
xfrm_dst_cache      3351   3500    320   25    2 : tunables    0    0    0 : slabdata    140    140      0
xfrm_state           714    714    768   42    8 : tunables    0    0    0 : slabdata     17     17      0
ip_fib_trie          595    595     48   85    1 : tunables    0    0    0 : slabdata      7      7      0
ip_fib_alias         584    584     56   73    1 : tunables    0    0    0 : slabdata      8      8      0
PING                1053   1088   1024   32    8 : tunables    0    0    0 : slabdata     34     34      0
RAW                   64     64   1024   32    8 : tunables    0    0    0 : slabdata      2      2      0
tw_sock_TCP          434    434    264   31    2 : tunables    0    0    0 : slabdata     14     14      0
request_sock_TCP     364    364    312   26    2 : tunables    0    0    0 : slabdata     14     14      0
TCP                  208    208   2368   13    8 : tunables    0    0    0 : slabdata     16     16      0
hugetlbfs_inode_cache     50     50    648   25    4 : tunables    0    0    0 : slabdata      2      2      0
dquot                512    512    256   32    2 : tunables    0    0    0 : slabdata     16     16      0
bio-264               75     75    320   25    2 : tunables    0    0    0 : slabdata      3      3      0
backing_aio         3239   3392    128   32    1 : tunables    0    0    0 : slabdata    106    106      0
ep_head             4096   4096     16  256    1 : tunables    0    0    0 : slabdata     16     16      0
dax_cache             39     39    832   39    8 : tunables    0    0    0 : slabdata      1      1      0
request_queue        385    385    920   35    8 : tunables    0    0    0 : slabdata     11     11      0
bio-200             1760   1760    256   32    2 : tunables    0    0    0 : slabdata     55     55      0
biovec-max           384    424   4096    8    8 : tunables    0    0    0 : slabdata     53     53      0
biovec-128            16     16   2048   16    8 : tunables    0    0    0 : slabdata      1      1      0
biovec-64            512    512   1024   32    8 : tunables    0    0    0 : slabdata     16     16      0
khugepaged_mm_slot    306    306     40  102    1 : tunables    0    0    0 : slabdata      3      3      0
user_namespace       275    275    632   25    4 : tunables    0    0    0 : slabdata     11     11      0
dmaengine-unmap-256     15     15   2112   15    8 : tunables    0    0    0 : slabdata      1      1      0
dmaengine-unmap-128     30     30   1088   30    8 : tunables    0    0    0 : slabdata      1      1      0
dmaengine-unmap-2  45365  45376     64   64    1 : tunables    0    0    0 : slabdata    709    709      0
sock_inode_cache    1670   1716    832   39    8 : tunables    0    0    0 : slabdata     44     44      0
skbuff_ext_cache     714    714    192   42    2 : tunables    0    0    0 : slabdata     17     17      0
skbuff_small_head   1300   1425    640   25    4 : tunables    0    0    0 : slabdata     57     57      0
skbuff_head_cache   1696   1696    256   32    2 : tunables    0    0    0 : slabdata     53     53      0
tracefs_inode_cache    336    336    672   24    4 : tunables    0    0    0 : slabdata     14     14      0
configfs_dir_cache    230    230     88   46    1 : tunables    0    0    0 : slabdata      5      5      0
file_lock_cache      592    592    216   37    2 : tunables    0    0    0 : slabdata     16     16      0
fsnotify_mark_connector   2720   2720     24  170    1 : tunables    0    0    0 : slabdata     16     16      0
buffer_head       162299 162825    104   39    1 : tunables    0    0    0 : slabdata   4175   4175      0
x86_lbr               21     21   1536   21    8 : tunables    0    0    0 : slabdata      1      1      0
task_delay_info      364    364    144   28    1 : tunables    0    0    0 : slabdata     13     13      0
taskstats            592    592    432   37    4 : tunables    0    0    0 : slabdata     16     16      0
proc_dir_entry      1764   1764    192   42    2 : tunables    0    0    0 : slabdata     42     42      0
proc_inode_cache   15988  16330    712   46    8 : tunables    0    0    0 : slabdata    355    355      0
seq_file             544    544    120   34    1 : tunables    0    0    0 : slabdata     16     16      0
sigqueue            1173   1173     80   51    1 : tunables    0    0    0 : slabdata     23     23      0
bdev_cache           190    190   1664   19    8 : tunables    0    0    0 : slabdata     10     10      0
shmem_inode_cache   6406   6560    792   41    8 : tunables    0    0    0 : slabdata    160    160      0
kernfs_node_cache  73550  73612    144   28    1 : tunables    0    0    0 : slabdata   2629   2629      0
mnt_cache           3565   3738    384   42    4 : tunables    0    0    0 : slabdata     89     89      0
filp               12810  13120    256   32    2 : tunables    0    0    0 : slabdata    410    410      0
inode_cache        23412  23550    640   25    4 : tunables    0    0    0 : slabdata    942    942      0
dentry            170015 170310    192   42    2 : tunables    0    0    0 : slabdata   4055   4055      0
names_cache          152    160   4096    8    8 : tunables    0    0    0 : slabdata     20     20      0
net_namespace         28     28   4608    7    8 : tunables    0    0    0 : slabdata      4      4      0
iint_cache           512    512    128   32    1 : tunables    0    0    0 : slabdata     16     16      0
apparmor_auditcache   2890   2890    240   34    2 : tunables    0    0    0 : slabdata     85     85      0
lsm_file_cache     13868  14720     32  128    1 : tunables    0    0    0 : slabdata    115    115      0
uts_namespace        333    333    432   37    4 : tunables    0    0    0 : slabdata      9      9      0
nsproxy              896    896     72   56    1 : tunables    0    0    0 : slabdata     16     16      0
vma_lock           63770  67932     40  102    1 : tunables    0    0    0 : slabdata    666    666      0
files_cache          782    782    704   46    8 : tunables    0    0    0 : slabdata     17     17      0
signal_cache        1155   1260   1152   28    8 : tunables    0    0    0 : slabdata     45     45      0
sighand_cache        899   1005   2112   15    8 : tunables    0    0    0 : slabdata     67     67      0
task_struct         1132   1140  10496    3    8 : tunables    0    0    0 : slabdata    380    380      0
cred_jar           64369  68334    192   42    2 : tunables    0    0    0 : slabdata   1627   1627      0
anon_vma_chain     32801  35200     64   64    1 : tunables    0    0    0 : slabdata    550    550      0
anon_vma           19054  20085    104   39    1 : tunables    0    0    0 : slabdata    515    515      0
pid                 2883   3328    128   32    1 : tunables    0    0    0 : slabdata    104    104      0
Acpi-ParseExt       3666   3666    104   39    1 : tunables    0    0    0 : slabdata     94     94      0
Acpi-State          3723   3723     80   51    1 : tunables    0    0    0 : slabdata     73     73      0
shared_policy_node 104001 104805     48   85    1 : tunables    0    0    0 : slabdata   1233   1233      0
numa_policy           30     30    272   30    2 : tunables    0    0    0 : slabdata      1      1      0
perf_event           400    400   1264   25    8 : tunables    0    0    0 : slabdata     16     16      0
trace_event_file    2730   2730     96   42    1 : tunables    0    0    0 : slabdata     65     65      0
ftrace_event_field   8541   8541     56   73    1 : tunables    0    0    0 : slabdata    117    117      0
pool_workqueue      1760   1760    512   32    4 : tunables    0    0    0 : slabdata     55     55      0
maple_node         10103  11136    256   32    2 : tunables    0    0    0 : slabdata    348    348      0
radix_tree_node    33263  33404    584   28    4 : tunables    0    0    0 : slabdata   1193   1193      0
task_group          1517   1575    640   25    4 : tunables    0    0    0 : slabdata     63     63      0
mm_struct            552    552   1408   23    8 : tunables    0    0    0 : slabdata     24     24      0
vmap_area          25049  36120     72   56    1 : tunables    0    0    0 : slabdata    645    645      0
kmalloc-cg-8k         64     64   8192    4    8 : tunables    0    0    0 : slabdata     16     16      0
kmalloc-cg-4k        297    328   4096    8    8 : tunables    0    0    0 : slabdata     41     41      0
kmalloc-cg-2k        848    848   2048   16    8 : tunables    0    0    0 : slabdata     53     53      0
kmalloc-cg-1k       1064   1152   1024   32    8 : tunables    0    0    0 : slabdata     36     36      0
kmalloc-cg-512      1607   1664    512   32    4 : tunables    0    0    0 : slabdata     52     52      0
kmalloc-cg-256       480    480    256   32    2 : tunables    0    0    0 : slabdata     15     15      0
kmalloc-cg-192       840    840    192   42    2 : tunables    0    0    0 : slabdata     20     20      0
kmalloc-cg-128       576    576    128   32    1 : tunables    0    0    0 : slabdata     18     18      0
kmalloc-cg-96        924    924     96   42    1 : tunables    0    0    0 : slabdata     22     22      0
kmalloc-cg-64       1408   1408     64   64    1 : tunables    0    0    0 : slabdata     22     22      0
kmalloc-cg-32       2176   2176     32  128    1 : tunables    0    0    0 : slabdata     17     17      0
kmalloc-cg-16       6297   6656     16  256    1 : tunables    0    0    0 : slabdata     26     26      0
kmalloc-cg-8        8192   8192      8  512    1 : tunables    0    0    0 : slabdata     16     16      0
dma-kmalloc-8k         0      0   8192    4    8 : tunables    0    0    0 : slabdata      0      0      0
dma-kmalloc-4k         0      0   4096    8    8 : tunables    0    0    0 : slabdata      0      0      0
dma-kmalloc-2k         0      0   2048   16    8 : tunables    0    0    0 : slabdata      0      0      0
dma-kmalloc-1k         0      0   1024   32    8 : tunables    0    0    0 : slabdata      0      0      0
dma-kmalloc-512        0      0    512   32    4 : tunables    0    0    0 : slabdata      0      0      0
dma-kmalloc-256        0      0    256   32    2 : tunables    0    0    0 : slabdata      0      0      0
dma-kmalloc-192        0      0    192   42    2 : tunables    0    0    0 : slabdata      0      0      0
dma-kmalloc-128        0      0    128   32    1 : tunables    0    0    0 : slabdata      0      0      0
dma-kmalloc-96         0      0     96   42    1 : tunables    0    0    0 : slabdata      0      0      0
dma-kmalloc-64         0      0     64   64    1 : tunables    0    0    0 : slabdata      0      0      0
dma-kmalloc-32         0      0     32  128    1 : tunables    0    0    0 : slabdata      0      0      0
dma-kmalloc-16         0      0     16  256    1 : tunables    0    0    0 : slabdata      0      0      0
dma-kmalloc-8          0      0      8  512    1 : tunables    0    0    0 : slabdata      0      0      0
kmalloc-rcl-8k         0      0   8192    4    8 : tunables    0    0    0 : slabdata      0      0      0
kmalloc-rcl-4k         0      0   4096    8    8 : tunables    0    0    0 : slabdata      0      0      0
kmalloc-rcl-2k         0      0   2048   16    8 : tunables    0    0    0 : slabdata      0      0      0
kmalloc-rcl-1k         0      0   1024   32    8 : tunables    0    0    0 : slabdata      0      0      0
kmalloc-rcl-512      224    224    512   32    4 : tunables    0    0    0 : slabdata      7      7      0
kmalloc-rcl-256        0      0    256   32    2 : tunables    0    0    0 : slabdata      0      0      0
kmalloc-rcl-192      126    126    192   42    2 : tunables    0    0    0 : slabdata      3      3      0
kmalloc-rcl-128     2464   2464    128   32    1 : tunables    0    0    0 : slabdata     77     77      0
kmalloc-rcl-96      2940   2940     96   42    1 : tunables    0    0    0 : slabdata     70     70      0
kmalloc-rcl-64      4849   5056     64   64    1 : tunables    0    0    0 : slabdata     79     79      0
kmalloc-rcl-32         0      0     32  128    1 : tunables    0    0    0 : slabdata      0      0      0
kmalloc-rcl-16         0      0     16  256    1 : tunables    0    0    0 : slabdata      0      0      0
kmalloc-rcl-8          0      0      8  512    1 : tunables    0    0    0 : slabdata      0      0      0
kmalloc-rnd-15-8k     92     92   8192    4    8 : tunables    0    0    0 : slabdata     23     23      0
kmalloc-rnd-15-4k    816    816   4096    8    8 : tunables    0    0    0 : slabdata    102    102      0
kmalloc-rnd-15-2k    256    256   2048   16    8 : tunables    0    0    0 : slabdata     16     16      0
kmalloc-rnd-15-1k    608    608   1024   32    8 : tunables    0    0    0 : slabdata     19     19      0
kmalloc-rnd-15-512   5120   5120    512   32    4 : tunables    0    0    0 : slabdata    160    160      0
kmalloc-rnd-15-256    512    512    256   32    2 : tunables    0    0    0 : slabdata     16     16      0
kmalloc-rnd-15-192    756    756    192   42    2 : tunables    0    0    0 : slabdata     18     18      0
kmalloc-rnd-15-128    512    512    128   32    1 : tunables    0    0    0 : slabdata     16     16      0
kmalloc-rnd-15-96    798    798     96   42    1 : tunables    0    0    0 : slabdata     19     19      0
kmalloc-rnd-15-64   3390   3392     64   64    1 : tunables    0    0    0 : slabdata     53     53      0
kmalloc-rnd-15-32   2048   2048     32  128    1 : tunables    0    0    0 : slabdata     16     16      0
kmalloc-rnd-15-16   4096   4096     16  256    1 : tunables    0    0    0 : slabdata     16     16      0
kmalloc-rnd-15-8    8192   8192      8  512    1 : tunables    0    0    0 : slabdata     16     16      0
kmalloc-rnd-14-8k     16     16   8192    4    8 : tunables    0    0    0 : slabdata      4      4      0
kmalloc-rnd-14-4k    312    312   4096    8    8 : tunables    0    0    0 : slabdata     39     39      0
kmalloc-rnd-14-2k    656    656   2048   16    8 : tunables    0    0    0 : slabdata     41     41      0
kmalloc-rnd-14-1k   3618   3648   1024   32    8 : tunables    0    0    0 : slabdata    114    114      0
kmalloc-rnd-14-512    384    384    512   32    4 : tunables    0    0    0 : slabdata     12     12      0
kmalloc-rnd-14-256    544    544    256   32    2 : tunables    0    0    0 : slabdata     17     17      0
kmalloc-rnd-14-192    672    672    192   42    2 : tunables    0    0    0 : slabdata     16     16      0
kmalloc-rnd-14-128    544    544    128   32    1 : tunables    0    0    0 : slabdata     17     17      0
kmalloc-rnd-14-96    672    672     96   42    1 : tunables    0    0    0 : slabdata     16     16      0
kmalloc-rnd-14-64   1536   1536     64   64    1 : tunables    0    0    0 : slabdata     24     24      0
kmalloc-rnd-14-32   2048   2048     32  128    1 : tunables    0    0    0 : slabdata     16     16      0
kmalloc-rnd-14-16   5469   5888     16  256    1 : tunables    0    0    0 : slabdata     23     23      0
kmalloc-rnd-14-8    8192   8192      8  512    1 : tunables    0    0    0 : slabdata     16     16      0
kmalloc-rnd-13-8k     20     20   8192    4    8 : tunables    0    0    0 : slabdata      5      5      0
kmalloc-rnd-13-4k    313    360   4096    8    8 : tunables    0    0    0 : slabdata     45     45      0
kmalloc-rnd-13-2k    272    272   2048   16    8 : tunables    0    0    0 : slabdata     17     17      0
kmalloc-rnd-13-1k    576    576   1024   32    8 : tunables    0    0    0 : slabdata     18     18      0
kmalloc-rnd-13-512    800    800    512   32    4 : tunables    0    0    0 : slabdata     25     25      0
kmalloc-rnd-13-256    128    128    256   32    2 : tunables    0    0    0 : slabdata      4      4      0
kmalloc-rnd-13-192    504    504    192   42    2 : tunables    0    0    0 : slabdata     12     12      0
kmalloc-rnd-13-128    512    512    128   32    1 : tunables    0    0    0 : slabdata     16     16      0
kmalloc-rnd-13-96    672    672     96   42    1 : tunables    0    0    0 : slabdata     16     16      0
kmalloc-rnd-13-64   1088   1088     64   64    1 : tunables    0    0    0 : slabdata     17     17      0
kmalloc-rnd-13-32   7109   7168     32  128    1 : tunables    0    0    0 : slabdata     56     56      0
kmalloc-rnd-13-16  16456  16640     16  256    1 : tunables    0    0    0 : slabdata     65     65      0
kmalloc-rnd-13-8   11264  11264      8  512    1 : tunables    0    0    0 : slabdata     22     22      0
kmalloc-rnd-12-8k     20     20   8192    4    8 : tunables    0    0    0 : slabdata      5      5      0
kmalloc-rnd-12-4k    400    400   4096    8    8 : tunables    0    0    0 : slabdata     50     50      0
kmalloc-rnd-12-2k    256    256   2048   16    8 : tunables    0    0    0 : slabdata     16     16      0
kmalloc-rnd-12-1k    544    544   1024   32    8 : tunables    0    0    0 : slabdata     17     17      0
kmalloc-rnd-12-512   2016   2016    512   32    4 : tunables    0    0    0 : slabdata     63     63      0
kmalloc-rnd-12-256    672    672    256   32    2 : tunables    0    0    0 : slabdata     21     21      0
kmalloc-rnd-12-192    714    714    192   42    2 : tunables    0    0    0 : slabdata     17     17      0
kmalloc-rnd-12-128    544    544    128   32    1 : tunables    0    0    0 : slabdata     17     17      0
kmalloc-rnd-12-96   3780   3780     96   42    1 : tunables    0    0    0 : slabdata     90     90      0
kmalloc-rnd-12-64   4187   4288     64   64    1 : tunables    0    0    0 : slabdata     67     67      0
kmalloc-rnd-12-32   2816   2816     32  128    1 : tunables    0    0    0 : slabdata     22     22      0
kmalloc-rnd-12-16   4096   4096     16  256    1 : tunables    0    0    0 : slabdata     16     16      0
kmalloc-rnd-12-8    8704   8704      8  512    1 : tunables    0    0    0 : slabdata     17     17      0
kmalloc-rnd-11-8k     68     68   8192    4    8 : tunables    0    0    0 : slabdata     17     17      0
kmalloc-rnd-11-4k    128    128   4096    8    8 : tunables    0    0    0 : slabdata     16     16      0
kmalloc-rnd-11-2k    423    448   2048   16    8 : tunables    0    0    0 : slabdata     28     28      0
kmalloc-rnd-11-1k    544    544   1024   32    8 : tunables    0    0    0 : slabdata     17     17      0
kmalloc-rnd-11-512    512    512    512   32    4 : tunables    0    0    0 : slabdata     16     16      0
kmalloc-rnd-11-256    544    544    256   32    2 : tunables    0    0    0 : slabdata     17     17      0
kmalloc-rnd-11-192   1302   1302    192   42    2 : tunables    0    0    0 : slabdata     31     31      0
kmalloc-rnd-11-128   2144   2144    128   32    1 : tunables    0    0    0 : slabdata     67     67      0
kmalloc-rnd-11-96   3215   3234     96   42    1 : tunables    0    0    0 : slabdata     77     77      0
kmalloc-rnd-11-64   3681   3840     64   64    1 : tunables    0    0    0 : slabdata     60     60      0
kmalloc-rnd-11-32   2304   2304     32  128    1 : tunables    0    0    0 : slabdata     18     18      0
kmalloc-rnd-11-16   3328   3328     16  256    1 : tunables    0    0    0 : slabdata     13     13      0
kmalloc-rnd-11-8    4608   4608      8  512    1 : tunables    0    0    0 : slabdata      9      9      0
kmalloc-rnd-10-8k    416    416   8192    4    8 : tunables    0    0    0 : slabdata    104    104      0
kmalloc-rnd-10-4k    152    152   4096    8    8 : tunables    0    0    0 : slabdata     19     19      0
kmalloc-rnd-10-2k    368    368   2048   16    8 : tunables    0    0    0 : slabdata     23     23      0
kmalloc-rnd-10-1k    672    672   1024   32    8 : tunables    0    0    0 : slabdata     21     21      0
kmalloc-rnd-10-512    544    544    512   32    4 : tunables    0    0    0 : slabdata     17     17      0
kmalloc-rnd-10-256    992    992    256   32    2 : tunables    0    0    0 : slabdata     31     31      0
kmalloc-rnd-10-192    924    924    192   42    2 : tunables    0    0    0 : slabdata     22     22      0
kmalloc-rnd-10-128    544    544    128   32    1 : tunables    0    0    0 : slabdata     17     17      0
kmalloc-rnd-10-96    840    840     96   42    1 : tunables    0    0    0 : slabdata     20     20      0
kmalloc-rnd-10-64   1280   1280     64   64    1 : tunables    0    0    0 : slabdata     20     20      0
kmalloc-rnd-10-32   6400   6400     32  128    1 : tunables    0    0    0 : slabdata     50     50      0
kmalloc-rnd-10-16   3072   3072     16  256    1 : tunables    0    0    0 : slabdata     12     12      0
kmalloc-rnd-10-8    8192   8192      8  512    1 : tunables    0    0    0 : slabdata     16     16      0
kmalloc-rnd-09-8k      8      8   8192    4    8 : tunables    0    0    0 : slabdata      2      2      0
kmalloc-rnd-09-4k    184    184   4096    8    8 : tunables    0    0    0 : slabdata     23     23      0
kmalloc-rnd-09-2k    983   1040   2048   16    8 : tunables    0    0    0 : slabdata     65     65      0
kmalloc-rnd-09-1k   1952   1952   1024   32    8 : tunables    0    0    0 : slabdata     61     61      0
kmalloc-rnd-09-512   4486   4608    512   32    4 : tunables    0    0    0 : slabdata    144    144      0
kmalloc-rnd-09-256    512    512    256   32    2 : tunables    0    0    0 : slabdata     16     16      0
kmalloc-rnd-09-192   1974   1974    192   42    2 : tunables    0    0    0 : slabdata     47     47      0
kmalloc-rnd-09-128    864    864    128   32    1 : tunables    0    0    0 : slabdata     27     27      0
kmalloc-rnd-09-96    714    714     96   42    1 : tunables    0    0    0 : slabdata     17     17      0
kmalloc-rnd-09-64   4952   5120     64   64    1 : tunables    0    0    0 : slabdata     80     80      0
kmalloc-rnd-09-32   2048   2048     32  128    1 : tunables    0    0    0 : slabdata     16     16      0
kmalloc-rnd-09-16   4096   4096     16  256    1 : tunables    0    0    0 : slabdata     16     16      0
kmalloc-rnd-09-8    7680   7680      8  512    1 : tunables    0    0    0 : slabdata     15     15      0
kmalloc-rnd-08-8k     56     56   8192    4    8 : tunables    0    0    0 : slabdata     14     14      0
kmalloc-rnd-08-4k    128    128   4096    8    8 : tunables    0    0    0 : slabdata     16     16      0
kmalloc-rnd-08-2k    128    128   2048   16    8 : tunables    0    0    0 : slabdata      8      8      0
kmalloc-rnd-08-1k    768    768   1024   32    8 : tunables    0    0    0 : slabdata     24     24      0
kmalloc-rnd-08-512    512    512    512   32    4 : tunables    0    0    0 : slabdata     16     16      0
kmalloc-rnd-08-256    832    832    256   32    2 : tunables    0    0    0 : slabdata     26     26      0
kmalloc-rnd-08-192   1974   1974    192   42    2 : tunables    0    0    0 : slabdata     47     47      0
kmalloc-rnd-08-128    544    544    128   32    1 : tunables    0    0    0 : slabdata     17     17      0
kmalloc-rnd-08-96    672    672     96   42    1 : tunables    0    0    0 : slabdata     16     16      0
kmalloc-rnd-08-64   1088   1088     64   64    1 : tunables    0    0    0 : slabdata     17     17      0
kmalloc-rnd-08-32   2688   2688     32  128    1 : tunables    0    0    0 : slabdata     21     21      0
kmalloc-rnd-08-16   4608   4608     16  256    1 : tunables    0    0    0 : slabdata     18     18      0
kmalloc-rnd-08-8    8192   8192      8  512    1 : tunables    0    0    0 : slabdata     16     16      0
kmalloc-rnd-07-8k 1904140 1904140   8192    4    8 : tunables    0    0    0 : slabdata 476035 476035      0
kmalloc-rnd-07-4k    336    336   4096    8    8 : tunables    0    0    0 : slabdata     42     42      0
kmalloc-rnd-07-2k    224    224   2048   16    8 : tunables    0    0    0 : slabdata     14     14      0
kmalloc-rnd-07-1k    736    736   1024   32    8 : tunables    0    0    0 : slabdata     23     23      0
kmalloc-rnd-07-512    480    480    512   32    4 : tunables    0    0    0 : slabdata     15     15      0
kmalloc-rnd-07-256   1024   1024    256   32    2 : tunables    0    0    0 : slabdata     32     32      0
kmalloc-rnd-07-192    588    588    192   42    2 : tunables    0    0    0 : slabdata     14     14      0
kmalloc-rnd-07-128    576    576    128   32    1 : tunables    0    0    0 : slabdata     18     18      0
kmalloc-rnd-07-96   3234   3234     96   42    1 : tunables    0    0    0 : slabdata     77     77      0
kmalloc-rnd-07-64   1152   1152     64   64    1 : tunables    0    0    0 : slabdata     18     18      0
kmalloc-rnd-07-32   1664   1664     32  128    1 : tunables    0    0    0 : slabdata     13     13      0
kmalloc-rnd-07-16   4096   4096     16  256    1 : tunables    0    0    0 : slabdata     16     16      0
kmalloc-rnd-07-8    7680   7680      8  512    1 : tunables    0    0    0 : slabdata     15     15      0
kmalloc-rnd-06-8k     16     16   8192    4    8 : tunables    0    0    0 : slabdata      4      4      0
kmalloc-rnd-06-4k    128    128   4096    8    8 : tunables    0    0    0 : slabdata     16     16      0
kmalloc-rnd-06-2k    272    272   2048   16    8 : tunables    0    0    0 : slabdata     17     17      0
kmalloc-rnd-06-1k    576    576   1024   32    8 : tunables    0    0    0 : slabdata     18     18      0
kmalloc-rnd-06-512    576    576    512   32    4 : tunables    0    0    0 : slabdata     18     18      0
kmalloc-rnd-06-256    608    608    256   32    2 : tunables    0    0    0 : slabdata     19     19      0
kmalloc-rnd-06-192    924    924    192   42    2 : tunables    0    0    0 : slabdata     22     22      0
kmalloc-rnd-06-128    608    608    128   32    1 : tunables    0    0    0 : slabdata     19     19      0
kmalloc-rnd-06-96    672    672     96   42    1 : tunables    0    0    0 : slabdata     16     16      0
kmalloc-rnd-06-64   3595   3968     64   64    1 : tunables    0    0    0 : slabdata     62     62      0
kmalloc-rnd-06-32   2688   2688     32  128    1 : tunables    0    0    0 : slabdata     21     21      0
kmalloc-rnd-06-16   4096   4096     16  256    1 : tunables    0    0    0 : slabdata     16     16      0
kmalloc-rnd-06-8    8192   8192      8  512    1 : tunables    0    0    0 : slabdata     16     16      0
kmalloc-rnd-05-8k      8      8   8192    4    8 : tunables    0    0    0 : slabdata      2      2      0
kmalloc-rnd-05-4k    416    416   4096    8    8 : tunables    0    0    0 : slabdata     52     52      0
kmalloc-rnd-05-2k    560    560   2048   16    8 : tunables    0    0    0 : slabdata     35     35      0
kmalloc-rnd-05-1k   1120   1120   1024   32    8 : tunables    0    0    0 : slabdata     35     35      0
kmalloc-rnd-05-512    672    672    512   32    4 : tunables    0    0    0 : slabdata     21     21      0
kmalloc-rnd-05-256    576    576    256   32    2 : tunables    0    0    0 : slabdata     18     18      0
kmalloc-rnd-05-192    672    672    192   42    2 : tunables    0    0    0 : slabdata     16     16      0
kmalloc-rnd-05-128    576    576    128   32    1 : tunables    0    0    0 : slabdata     18     18      0
kmalloc-rnd-05-96    672    672     96   42    1 : tunables    0    0    0 : slabdata     16     16      0
kmalloc-rnd-05-64   2112   2112     64   64    1 : tunables    0    0    0 : slabdata     33     33      0
kmalloc-rnd-05-32   2560   2560     32  128    1 : tunables    0    0    0 : slabdata     20     20      0
kmalloc-rnd-05-16   4096   4096     16  256    1 : tunables    0    0    0 : slabdata     16     16      0
kmalloc-rnd-05-8    8192   8192      8  512    1 : tunables    0    0    0 : slabdata     16     16      0
kmalloc-rnd-04-8k     80     80   8192    4    8 : tunables    0    0    0 : slabdata     20     20      0
kmalloc-rnd-04-4k    136    136   4096    8    8 : tunables    0    0    0 : slabdata     17     17      0
kmalloc-rnd-04-2k    592    592   2048   16    8 : tunables    0    0    0 : slabdata     37     37      0
kmalloc-rnd-04-1k    576    576   1024   32    8 : tunables    0    0    0 : slabdata     18     18      0
kmalloc-rnd-04-512    736    736    512   32    4 : tunables    0    0    0 : slabdata     23     23      0
kmalloc-rnd-04-256    512    512    256   32    2 : tunables    0    0    0 : slabdata     16     16      0
kmalloc-rnd-04-192    714    714    192   42    2 : tunables    0    0    0 : slabdata     17     17      0
kmalloc-rnd-04-128    512    512    128   32    1 : tunables    0    0    0 : slabdata     16     16      0
kmalloc-rnd-04-96    714    714     96   42    1 : tunables    0    0    0 : slabdata     17     17      0
kmalloc-rnd-04-64   1344   1344     64   64    1 : tunables    0    0    0 : slabdata     21     21      0
kmalloc-rnd-04-32   4992   4992     32  128    1 : tunables    0    0    0 : slabdata     39     39      0
kmalloc-rnd-04-16   4096   4096     16  256    1 : tunables    0    0    0 : slabdata     16     16      0
kmalloc-rnd-04-8    8192   8192      8  512    1 : tunables    0    0    0 : slabdata     16     16      0
kmalloc-rnd-03-8k     20     20   8192    4    8 : tunables    0    0    0 : slabdata      5      5      0
kmalloc-rnd-03-4k    320    320   4096    8    8 : tunables    0    0    0 : slabdata     40     40      0
kmalloc-rnd-03-2k    256    256   2048   16    8 : tunables    0    0    0 : slabdata     16     16      0
kmalloc-rnd-03-1k   1024   1024   1024   32    8 : tunables    0    0    0 : slabdata     32     32      0
kmalloc-rnd-03-512    256    256    512   32    4 : tunables    0    0    0 : slabdata      8      8      0
kmalloc-rnd-03-256    480    480    256   32    2 : tunables    0    0    0 : slabdata     15     15      0
kmalloc-rnd-03-192    798    798    192   42    2 : tunables    0    0    0 : slabdata     19     19      0
kmalloc-rnd-03-128    544    544    128   32    1 : tunables    0    0    0 : slabdata     17     17      0
kmalloc-rnd-03-96    672    672     96   42    1 : tunables    0    0    0 : slabdata     16     16      0
kmalloc-rnd-03-64   2688   2688     64   64    1 : tunables    0    0    0 : slabdata     42     42      0
kmalloc-rnd-03-32   3456   3456     32  128    1 : tunables    0    0    0 : slabdata     27     27      0
kmalloc-rnd-03-16   4096   4096     16  256    1 : tunables    0    0    0 : slabdata     16     16      0
kmalloc-rnd-03-8    8192   8192      8  512    1 : tunables    0    0    0 : slabdata     16     16      0
kmalloc-rnd-02-8k     16     16   8192    4    8 : tunables    0    0    0 : slabdata      4      4      0
kmalloc-rnd-02-4k    128    128   4096    8    8 : tunables    0    0    0 : slabdata     16     16      0
kmalloc-rnd-02-2k    464    464   2048   16    8 : tunables    0    0    0 : slabdata     29     29      0
kmalloc-rnd-02-1k   1152   1152   1024   32    8 : tunables    0    0    0 : slabdata     36     36      0
kmalloc-rnd-02-512  12547  12768    512   32    4 : tunables    0    0    0 : slabdata    399    399      0
kmalloc-rnd-02-256   5508   5568    256   32    2 : tunables    0    0    0 : slabdata    174    174      0
kmalloc-rnd-02-192    672    672    192   42    2 : tunables    0    0    0 : slabdata     16     16      0
kmalloc-rnd-02-128    800    800    128   32    1 : tunables    0    0    0 : slabdata     25     25      0
kmalloc-rnd-02-96   3105   4158     96   42    1 : tunables    0    0    0 : slabdata     99     99      0
kmalloc-rnd-02-64   1728   1728     64   64    1 : tunables    0    0    0 : slabdata     27     27      0
kmalloc-rnd-02-32   2944   2944     32  128    1 : tunables    0    0    0 : slabdata     23     23      0
kmalloc-rnd-02-16   4096   4096     16  256    1 : tunables    0    0    0 : slabdata     16     16      0
kmalloc-rnd-02-8    8192   8192      8  512    1 : tunables    0    0    0 : slabdata     16     16      0
kmalloc-rnd-01-8k     80     80   8192    4    8 : tunables    0    0    0 : slabdata     20     20      0
kmalloc-rnd-01-4k    104    104   4096    8    8 : tunables    0    0    0 : slabdata     13     13      0
kmalloc-rnd-01-2k    240    240   2048   16    8 : tunables    0    0    0 : slabdata     15     15      0
kmalloc-rnd-01-1k    480    480   1024   32    8 : tunables    0    0    0 : slabdata     15     15      0
kmalloc-rnd-01-512    544    544    512   32    4 : tunables    0    0    0 : slabdata     17     17      0
kmalloc-rnd-01-256    704    704    256   32    2 : tunables    0    0    0 : slabdata     22     22      0
kmalloc-rnd-01-192    714    714    192   42    2 : tunables    0    0    0 : slabdata     17     17      0
kmalloc-rnd-01-128    608    608    128   32    1 : tunables    0    0    0 : slabdata     19     19      0
kmalloc-rnd-01-96    924    924     96   42    1 : tunables    0    0    0 : slabdata     22     22      0
kmalloc-rnd-01-64   1088   1088     64   64    1 : tunables    0    0    0 : slabdata     17     17      0
kmalloc-rnd-01-32   2176   2176     32  128    1 : tunables    0    0    0 : slabdata     17     17      0
kmalloc-rnd-01-16   7320   7680     16  256    1 : tunables    0    0    0 : slabdata     30     30      0
kmalloc-rnd-01-8    8192   8192      8  512    1 : tunables    0    0    0 : slabdata     16     16      0
kmalloc-8k            72     72   8192    4    8 : tunables    0    0    0 : slabdata     18     18      0
kmalloc-4k           128    128   4096    8    8 : tunables    0    0    0 : slabdata     16     16      0
kmalloc-2k           240    240   2048   16    8 : tunables    0    0    0 : slabdata     15     15      0
kmalloc-1k           512    512   1024   32    8 : tunables    0    0    0 : slabdata     16     16      0
kmalloc-512          576    576    512   32    4 : tunables    0    0    0 : slabdata     18     18      0
kmalloc-256          512    512    256   32    2 : tunables    0    0    0 : slabdata     16     16      0
kmalloc-192         1218   1218    192   42    2 : tunables    0    0    0 : slabdata     29     29      0
kmalloc-128          608    608    128   32    1 : tunables    0    0    0 : slabdata     19     19      0
kmalloc-96           672    672     96   42    1 : tunables    0    0    0 : slabdata     16     16      0
kmalloc-64          2304   2304     64   64    1 : tunables    0    0    0 : slabdata     36     36      0
kmalloc-32          1920   1920     32  128    1 : tunables    0    0    0 : slabdata     15     15      0
kmalloc-16          4608   4608     16  256    1 : tunables    0    0    0 : slabdata     18     18      0
kmalloc-8           8192   8192      8  512    1 : tunables    0    0    0 : slabdata     16     16      0
kmem_cache_node      896    896     64   64    1 : tunables    0    0    0 : slabdata     14     14      0
kmem_cache           608    608    256   32    2 : tunables    0    0    0 : slabdata     19     19      0

# vmstat -m
Caché                     Núm  Total Tamaño Páginas
Acpi-ParseExt              3666   3666    104     39
Acpi-State                 3723   3723     80     51
anon_vma                  19160  20085    104     39
anon_vma_chain            32746  35200     64     64
apparmor_auditcache        2890   2890    240     34
backing_aio                3239   3392    128     32
bdev_cache                  190    190   1664     19
bio-136                    1260   1260    192     42
bio-200                    1760   1760    256     32
bio-264                      75     75    320     25
bio-312                      25     25    320     25
bio-376                    1092   1092    384     42
bio-392                      36     36    448     36
bio-448                      32     32    512     32
bio_post_read_ctx           170    170     48     85
biovec-128                   16     16   2048     16
biovec-64                   512    512   1024     32
biovec-max                  400    448   4096      8
btrfs_inode                3270   3270   1088     30
btrfs_ordered_extent        624    624    416     39
btrfs_path                  792    792    112     36
Caché                     Núm  Total Tamaño Páginas
btrfs_trans_handle          384    384    168     24
buffer_head              162299 162825    104     39
configfs_dir_cache          230    230     88     46
cred_jar                  64777  68334    192     42
dax_cache                    39     39    832     39
dentry                   170036 170310    192     42
dmaengine-unmap-128          30     30   1088     30
dmaengine-unmap-2         45365  45376     64     64
dmaengine-unmap-256          15     15   2112     15
dma-kmalloc-128               0      0    128     32
dma-kmalloc-16                0      0     16    256
dma-kmalloc-192               0      0    192     42
dma-kmalloc-1k                0      0   1024     32
dma-kmalloc-256               0      0    256     32
dma-kmalloc-2k                0      0   2048     16
dma-kmalloc-32                0      0     32    128
dma-kmalloc-4k                0      0   4096      8
dma-kmalloc-512               0      0    512     32
dma-kmalloc-64                0      0     64     64
dma-kmalloc-8                 0      0      8    512
dma-kmalloc-8k                0      0   8192      4
Caché                     Núm  Total Tamaño Páginas
dma-kmalloc-96                0      0     96     42
dm_uevent                     0      0   2888     11
dnotify_struct                0      0     32    128
dquot                       512    512    256     32
drm_i915_gem_object        1878   2464   1152     28
ecryptfs_auth_tok_list_i      0      0    832     39
ecryptfs_file_cache           0      0     16    256
ecryptfs_inode_cache          0      0   1024     32
ep_head                    4096   4096     16    256
execute_cb                    0      0     64     64
ext4_allocation_context     416    416    152     26
ext4_groupinfo_4k           484    484    184     44
ext4_inode_cache          43804  43821   1184     27
ext4_io_end                2432   2752     64     64
ext4_prealloc_space         576    576    112     36
extent_status             49292  49470     40    102
fat_cache                     0      0     40    102
fat_inode_cache              82     82    792     41
file_lock_cache             592    592    216     37
files_cache                 782    782    704     46
filp                      12799  13120    256     32
Caché                     Núm  Total Tamaño Páginas
fscrypt_inode_info            0      0    136     30
fsnotify_mark_connector    2720   2720     24    170
fsverity_info                 0      0    272     30
ftrace_event_field         8541   8541     56     73
fuse_inode                  180    180    896     36
fuse_request               2184   2184    152     26
hugetlbfs_inode_cache        50     50    648     25
i915_dependency             512    512    128     32
i915_request                736    736    704     46
iint_cache                  512    512    128     32
inode_cache               23445  23550    640     25
io_kiocb                      0      0    256     32
ip4-frags                   240    240    200     40
ip6-frags                     0      0    184     44
ip_fib_alias                584    584     56     73
ip_fib_trie                 595    595     48     85
jbd2_journal_head          1467   1632    120     34
jbd2_revoke_table_s         256    256     16    256
kcopyd_job                    0      0   3240     10
kernfs_node_cache         73550  73612    144     28
khugepaged_mm_slot          306    306     40    102
Caché                     Núm  Total Tamaño Páginas
kioctx                        0      0    576     28
kmalloc-128                 608    608    128     32
kmalloc-16                 4608   4608     16    256
kmalloc-192                1218   1218    192     42
kmalloc-1k                  512    512   1024     32
kmalloc-256                 512    512    256     32
kmalloc-2k                  240    240   2048     16
kmalloc-32                 1920   1920     32    128
kmalloc-4k                  128    128   4096      8
kmalloc-512                 576    576    512     32
kmalloc-64                 2304   2304     64     64
kmalloc-8                  8192   8192      8    512
kmalloc-8k                   72     72   8192      4
kmalloc-96                  672    672     96     42
kmalloc-cg-128              576    576    128     32
kmalloc-cg-16              6297   6656     16    256
kmalloc-cg-192              840    840    192     42
kmalloc-cg-1k              1064   1152   1024     32
kmalloc-cg-256              480    480    256     32
kmalloc-cg-2k               848    848   2048     16
kmalloc-cg-32              2176   2176     32    128
Caché                     Núm  Total Tamaño Páginas
kmalloc-cg-4k               297    328   4096      8
kmalloc-cg-512             1607   1664    512     32
kmalloc-cg-64              1408   1408     64     64
kmalloc-cg-8               8192   8192      8    512
kmalloc-cg-8k                64     64   8192      4
kmalloc-cg-96               924    924     96     42
kmalloc-rcl-128            2464   2464    128     32
kmalloc-rcl-16                0      0     16    256
kmalloc-rcl-192             126    126    192     42
kmalloc-rcl-1k                0      0   1024     32
kmalloc-rcl-256               0      0    256     32
kmalloc-rcl-2k                0      0   2048     16
kmalloc-rcl-32                0      0     32    128
kmalloc-rcl-4k                0      0   4096      8
kmalloc-rcl-512             224    224    512     32
kmalloc-rcl-64             4849   5056     64     64
kmalloc-rcl-8                 0      0      8    512
kmalloc-rcl-8k                0      0   8192      4
kmalloc-rcl-96             2940   2940     96     42
kmalloc-rnd-01-128          608    608    128     32
kmalloc-rnd-01-16          7320   7680     16    256
Caché                     Núm  Total Tamaño Páginas
kmalloc-rnd-01-192          714    714    192     42
kmalloc-rnd-01-1k           480    480   1024     32
kmalloc-rnd-01-256          704    704    256     32
kmalloc-rnd-01-2k           240    240   2048     16
kmalloc-rnd-01-32          2176   2176     32    128
kmalloc-rnd-01-4k           104    104   4096      8
kmalloc-rnd-01-512          544    544    512     32
kmalloc-rnd-01-64          1088   1088     64     64
kmalloc-rnd-01-8           8192   8192      8    512
kmalloc-rnd-01-8k            80     80   8192      4
kmalloc-rnd-01-96           924    924     96     42
kmalloc-rnd-02-128          800    800    128     32
kmalloc-rnd-02-16          4096   4096     16    256
kmalloc-rnd-02-192          672    672    192     42
kmalloc-rnd-02-1k          1152   1152   1024     32
kmalloc-rnd-02-256         5508   5568    256     32
kmalloc-rnd-02-2k           464    464   2048     16
kmalloc-rnd-02-32          2944   2944     32    128
kmalloc-rnd-02-4k           128    128   4096      8
kmalloc-rnd-02-512        12547  12768    512     32
kmalloc-rnd-02-64          1728   1728     64     64
Caché                     Núm  Total Tamaño Páginas
kmalloc-rnd-02-8           8192   8192      8    512
kmalloc-rnd-02-8k            16     16   8192      4
kmalloc-rnd-02-96          3302   4158     96     42
kmalloc-rnd-03-128          544    544    128     32
kmalloc-rnd-03-16          4096   4096     16    256
kmalloc-rnd-03-192          798    798    192     42
kmalloc-rnd-03-1k          1024   1024   1024     32
kmalloc-rnd-03-256          480    480    256     32
kmalloc-rnd-03-2k           256    256   2048     16
kmalloc-rnd-03-32          3456   3456     32    128
kmalloc-rnd-03-4k           320    320   4096      8
kmalloc-rnd-03-512          256    256    512     32
kmalloc-rnd-03-64          2688   2688     64     64
kmalloc-rnd-03-8           8192   8192      8    512
kmalloc-rnd-03-8k            20     20   8192      4
kmalloc-rnd-03-96           672    672     96     42
kmalloc-rnd-04-128          512    512    128     32
kmalloc-rnd-04-16          4096   4096     16    256
kmalloc-rnd-04-192          714    714    192     42
kmalloc-rnd-04-1k           576    576   1024     32
kmalloc-rnd-04-256          512    512    256     32
Caché                     Núm  Total Tamaño Páginas
kmalloc-rnd-04-2k           592    592   2048     16
kmalloc-rnd-04-32          4992   4992     32    128
kmalloc-rnd-04-4k           136    136   4096      8
kmalloc-rnd-04-512          736    736    512     32
kmalloc-rnd-04-64          1344   1344     64     64
kmalloc-rnd-04-8           8192   8192      8    512
kmalloc-rnd-04-8k            80     80   8192      4
kmalloc-rnd-04-96           714    714     96     42
kmalloc-rnd-05-128          576    576    128     32
kmalloc-rnd-05-16          4096   4096     16    256
kmalloc-rnd-05-192          672    672    192     42
kmalloc-rnd-05-1k          1120   1120   1024     32
kmalloc-rnd-05-256          576    576    256     32
kmalloc-rnd-05-2k           560    560   2048     16
kmalloc-rnd-05-32          2560   2560     32    128
kmalloc-rnd-05-4k           416    416   4096      8
kmalloc-rnd-05-512          672    672    512     32
kmalloc-rnd-05-64          2112   2112     64     64
kmalloc-rnd-05-8           8192   8192      8    512
kmalloc-rnd-05-8k             8      8   8192      4
kmalloc-rnd-05-96           672    672     96     42
Caché                     Núm  Total Tamaño Páginas
kmalloc-rnd-06-128          608    608    128     32
kmalloc-rnd-06-16          4096   4096     16    256
kmalloc-rnd-06-192          924    924    192     42
kmalloc-rnd-06-1k           576    576   1024     32
kmalloc-rnd-06-256          608    608    256     32
kmalloc-rnd-06-2k           272    272   2048     16
kmalloc-rnd-06-32          2688   2688     32    128
kmalloc-rnd-06-4k           128    128   4096      8
kmalloc-rnd-06-512          576    576    512     32
kmalloc-rnd-06-64          3595   3968     64     64
kmalloc-rnd-06-8           8192   8192      8    512
kmalloc-rnd-06-8k            16     16   8192      4
kmalloc-rnd-06-96           672    672     96     42
kmalloc-rnd-07-128          576    576    128     32
kmalloc-rnd-07-16          4096   4096     16    256
kmalloc-rnd-07-192          588    588    192     42
kmalloc-rnd-07-1k           736    736   1024     32
kmalloc-rnd-07-256         1024   1024    256     32
kmalloc-rnd-07-2k           224    224   2048     16
kmalloc-rnd-07-32          1664   1664     32    128
kmalloc-rnd-07-4k           336    336   4096      8
Caché                     Núm  Total Tamaño Páginas
kmalloc-rnd-07-512          480    480    512     32
kmalloc-rnd-07-64          1152   1152     64     64
kmalloc-rnd-07-8           7680   7680      8    512
kmalloc-rnd-07-8k        1905980 1905980   8192      4
kmalloc-rnd-07-96          3234   3234     96     42
kmalloc-rnd-08-128          544    544    128     32
kmalloc-rnd-08-16          4608   4608     16    256
kmalloc-rnd-08-192         1974   1974    192     42
kmalloc-rnd-08-1k           768    768   1024     32
kmalloc-rnd-08-256          832    832    256     32
kmalloc-rnd-08-2k           128    128   2048     16
kmalloc-rnd-08-32          2688   2688     32    128
kmalloc-rnd-08-4k           128    128   4096      8
kmalloc-rnd-08-512          512    512    512     32
kmalloc-rnd-08-64          1088   1088     64     64
kmalloc-rnd-08-8           8192   8192      8    512
kmalloc-rnd-08-8k            56     56   8192      4
kmalloc-rnd-08-96           672    672     96     42
kmalloc-rnd-09-128          864    864    128     32
kmalloc-rnd-09-16          4096   4096     16    256
kmalloc-rnd-09-192         1974   1974    192     42
Caché                     Núm  Total Tamaño Páginas
kmalloc-rnd-09-1k          1952   1952   1024     32
kmalloc-rnd-09-256          512    512    256     32
kmalloc-rnd-09-2k           976   1040   2048     16
kmalloc-rnd-09-32          2048   2048     32    128
kmalloc-rnd-09-4k           184    184   4096      8
kmalloc-rnd-09-512         4486   4608    512     32
kmalloc-rnd-09-64          4902   5120     64     64
kmalloc-rnd-09-8           7680   7680      8    512
kmalloc-rnd-09-8k             8      8   8192      4
kmalloc-rnd-09-96           714    714     96     42
kmalloc-rnd-10-128          544    544    128     32
kmalloc-rnd-10-16          3072   3072     16    256
kmalloc-rnd-10-192          924    924    192     42
kmalloc-rnd-10-1k           672    672   1024     32
kmalloc-rnd-10-256          992    992    256     32
kmalloc-rnd-10-2k           368    368   2048     16
kmalloc-rnd-10-32          6400   6400     32    128
kmalloc-rnd-10-4k           152    152   4096      8
kmalloc-rnd-10-512          544    544    512     32
kmalloc-rnd-10-64          1280   1280     64     64
kmalloc-rnd-10-8           8192   8192      8    512
Caché                     Núm  Total Tamaño Páginas
kmalloc-rnd-10-8k           416    416   8192      4
kmalloc-rnd-10-96           840    840     96     42
kmalloc-rnd-11-128         2144   2144    128     32
kmalloc-rnd-11-16          3328   3328     16    256
kmalloc-rnd-11-192         1302   1302    192     42
kmalloc-rnd-11-1k           544    544   1024     32
kmalloc-rnd-11-256          544    544    256     32
kmalloc-rnd-11-2k           423    448   2048     16
kmalloc-rnd-11-32          2304   2304     32    128
kmalloc-rnd-11-4k           128    128   4096      8
kmalloc-rnd-11-512          512    512    512     32
kmalloc-rnd-11-64          3681   3840     64     64
kmalloc-rnd-11-8           4608   4608      8    512
kmalloc-rnd-11-8k            68     68   8192      4
kmalloc-rnd-11-96          3215   3234     96     42
kmalloc-rnd-12-128          544    544    128     32
kmalloc-rnd-12-16          4096   4096     16    256
kmalloc-rnd-12-192          714    714    192     42
kmalloc-rnd-12-1k           544    544   1024     32
kmalloc-rnd-12-256          672    672    256     32
kmalloc-rnd-12-2k           256    256   2048     16
Caché                     Núm  Total Tamaño Páginas
kmalloc-rnd-12-32          2816   2816     32    128
kmalloc-rnd-12-4k           400    400   4096      8
kmalloc-rnd-12-512         2016   2016    512     32
kmalloc-rnd-12-64          4187   4288     64     64
kmalloc-rnd-12-8           8704   8704      8    512
kmalloc-rnd-12-8k            20     20   8192      4
kmalloc-rnd-12-96          3780   3780     96     42
